nohup: ignoring input
Socket.IO server running on url  port 3000
A user connected: OypADy9i76APK_SiAAAB
A user connected: Tr0HUcKkdKKxBPmGAAAD
User 1 connected via socket Tr0HUcKkdKKxBPmGAAAD
A user connected: l9euKmsrBxmBYfCMAAAF
User 1 connected via socket l9euKmsrBxmBYfCMAAAF
Disconnected socket without user info: OypADy9i76APK_SiAAAB
User 1 disconnected.
A user connected: 1tXYwq8XfmYgF4u-AAAH
User 1 connected via socket 1tXYwq8XfmYgF4u-AAAH
A user connected: _AVqwikjtCsNPhkDAAAJ
User 1 reconnected before timeout, no logout triggered.
post request received
Event emitted: whatsapp.message {
  from: '94704017188@c.us',
  to: '94786070240@c.us',
  body: 'hi',
  timestamp: 1768624323,
  hasMedia: false,
  fromMe: true,
  contact: { name: 'My', number: '94704017188' },
  chat: { id: '94786070240@c.us', name: 'My', isGroup: false }
}
User 1 disconnected.
Disconnected socket without user info: _AVqwikjtCsNPhkDAAAJ
A user connected: lVEuAsd6FcgXxljeAAAL
User 1 connected via socket lVEuAsd6FcgXxljeAAAL
A user connected: L1pIkqWoZFMGT-KhAAAN
User 1 reconnected before timeout, no logout triggered.
User 1 disconnected.
Disconnected socket without user info: L1pIkqWoZFMGT-KhAAAN
A user connected: oATB9s1w72AR0RkMAAAP
User 1 connected via socket oATB9s1w72AR0RkMAAAP
A user connected: wKsviQmHicsC8sOHAAAR
User 1 disconnected.
Disconnected socket without user info: wKsviQmHicsC8sOHAAAR
A user connected: DKYa0bW0jlJmuFXpAAAT
User 1 connected via socket DKYa0bW0jlJmuFXpAAAT
A user connected: _JG3GLKdce1aQ27qAAAV
User 1 reconnected before timeout, no logout triggered.
User 1 reconnected before timeout, no logout triggered.
post request received
Event emitted: whatsapp.message {
  from: '94704017188@c.us',
  to: '94786070240@c.us',
  body: 'ggg',
  timestamp: 1768624421,
  hasMedia: true,
  fromMe: true,
  contact: { name: 'My', number: '94704017188' },
  chat: { id: '94786070240@c.us', name: 'My', isGroup: false }
}
Disconnected socket without user info: _JG3GLKdce1aQ27qAAAV
User 1 disconnected.
A user connected: iUhanjMychN4WhAbAAAX
User 1 connected via socket iUhanjMychN4WhAbAAAX
A user connected: 0UJs4L6OPuBM6lTGAAAZ
User 1 reconnected before timeout, no logout triggered.
post request received
Event emitted: whatsapp.message {
  from: '94704017188@c.us',
  to: '94786070240@c.us',
  body: 'hey',
  timestamp: 1768624624,
  hasMedia: false,
  fromMe: true,
  contact: { name: 'My', number: '94704017188' },
  chat: { id: '94786070240@c.us', name: 'My', isGroup: false }
}
post request received
Event emitted: whatsapp.message {
  from: '94704017188@c.us',
  to: '94786070240@c.us',
  body: 'hi',
  timestamp: 1768624685,
  hasMedia: false,
  fromMe: true,
  contact: { name: 'My', number: '94704017188' },
  chat: { id: '94786070240@c.us', name: 'My', isGroup: false }
}
post request received
Event emitted: whatsapp.message {
  from: '120363384373827500@g.us',
  to: '94704017188@c.us',
  body: 'කැම්පස් email එකක් තියෙන ඕනීම ලමයෙක්ට අවුරුද්දක් පුරාවට access කරන්න Microsoft 365 + LinkedIn Premium එක. ඔයාලාගේ කැම්ප්ස් ලමයිටත් බලන්න share කරන්න.\n' +
    '\n' +
    'https://www.facebook.com/share/p/1AcXbMgcHv/?mibextid=wwXIfr',
  timestamp: 1768624816,
  hasMedia: false,
  fromMe: false,
  contact: {
    name: 'Yasiru Nirmala Herath Cisco Network',
    number: '94718000849'
  },
  chat: {
    id: '120363384373827500@g.us',
    name: 'කැම්පස් සෙට් එක - Network Essentials',
    isGroup: true
  }
}
User 1 disconnected.
Disconnected socket without user info: 0UJs4L6OPuBM6lTGAAAZ
A user connected: o50YyMEg9NgTPsCdAAAb
User 1 connected via socket o50YyMEg9NgTPsCdAAAb
A user connected: eQqJYzSSiTvjj2gFAAAd
User 1 reconnected before timeout, no logout triggered.
User 1 disconnected.
Disconnected socket without user info: eQqJYzSSiTvjj2gFAAAd
A user connected: ZoLtDeuzCG8RM7qkAAAf
User 1 connected via socket ZoLtDeuzCG8RM7qkAAAf
A user connected: S-vix0OCWAesI6niAAAh
User 1 reconnected before timeout, no logout triggered.
User 1 disconnected.
Disconnected socket without user info: S-vix0OCWAesI6niAAAh
A user connected: xRMuFD0pJMG_CCqLAAAj
User 1 connected via socket xRMuFD0pJMG_CCqLAAAj
A user connected: ok4iVwSASni0WA5aAAAl
User 1 disconnected.
Disconnected socket without user info: ok4iVwSASni0WA5aAAAl
A user connected: lueilojVXjTfKbxyAAAn
User 1 connected via socket lueilojVXjTfKbxyAAAn
A user connected: PxzOsauLbbRSaSBSAAAp
User 1 reconnected before timeout, no logout triggered.
User 1 reconnected before timeout, no logout triggered.
User 1 disconnected.
Disconnected socket without user info: PxzOsauLbbRSaSBSAAAp
A user connected: Wrlnj2j32Urv2tGMAAAr
User 1 connected via socket Wrlnj2j32Urv2tGMAAAr
A user connected: dbw23cyOXDURz1Q7AAAt
User 1 reconnected before timeout, no logout triggered.
post request received
Event emitted: whatsapp.message {
  from: '353851811186-1608451374@g.us',
  to: '94704017188@c.us',
  body: 'ලොව්තුරු අරණ_Rajarata_#03_17.01.2026_Final.mp3',
  timestamp: 1768625132,
  hasMedia: true,
  fromMe: false,
  contact: { name: 'Dilhan Fernando', number: '17012002830' },
  chat: {
    id: '353851811186-1608451374@g.us',
    name: 'ලොව්තුරු අරණ [4]',
    isGroup: true
  }
}
User 1 disconnected.
Disconnected socket without user info: dbw23cyOXDURz1Q7AAAt
A user connected: D3RvgQmp092VMmoIAAAv
User 1 connected via socket D3RvgQmp092VMmoIAAAv
A user connected: QlI9sHH5rak3Gqb4AAAx
post request received
Event emitted: whatsapp.message {
  from: '353851811186-1608451374@g.us',
  to: '94704017188@c.us',
  body: '💢 2026, *ජනවාරි 17* සෙනසුරාදා, FM 107.3 | 90.1 *රජරට සේවයෙන්* ප්‍රචාරයවූ *ලොව්තුරු අරණ* සදහම් දේශනාවේ mp3 හඬපටයයි මේ.\n' +
    '   ❈ ❈ ❈ ❈ ❈ ❈ ❈ ❈ ❈ ❈ ❈ ❈\n' +
    '❂ එදින *තේමාව* | *කාමය දුක වශයෙන්* ප්‍රත්‍යක්ෂයෙන් *අවබෝධ කරගනිමු.*\n' +
    ' 🪷🪷🪷🪷🪷🪷🪷🪷🪷\n' +
    '❂ *පෙර දේශනා* නැවත ශ්‍රවණයට:\n' +
    'Bit.ly/RajarataFMmp3\n' +
    '❂ ලොව්තුරු අරණ *වෙබ් අඩවිය*:\n' +
    'LowthuruArana.net\n' +
    '❂ ලොව්තුරු අරණ *YouTube* නාළිකාව\n' +
    'Youtube.com/c/LowthuruArana \n' +
    '🪷තං සුනාථ සාධුකං මනසිකරොථ🪷\n' +
    '       🙏 *තෙරුවන් සරණයි!* 🙏',
  timestamp: 1768625132,
  hasMedia: false,
  fromMe: false,
  contact: { name: 'Dilhan Fernando', number: '17012002830' },
  chat: {
    id: '353851811186-1608451374@g.us',
    name: 'ලොව්තුරු අරණ [4]',
    isGroup: true
  }
}
User 1 reconnected before timeout, no logout triggered.
User 1 disconnected.
Disconnected socket without user info: QlI9sHH5rak3Gqb4AAAx
A user connected: lu7p5wLNSvXE0W-AAAAz
User 1 connected via socket lu7p5wLNSvXE0W-AAAAz
A user connected: ShoRb9W77FXwIsA3AAA1
User 1 reconnected before timeout, no logout triggered.
post request received
Event emitted: whatsapp.message {
  from: '120363397205317359@g.us',
  to: '94704017188@c.us',
  body: 'Py charm hari vd code puluwan weid',
  timestamp: 1768625223,
  hasMedia: false,
  fromMe: false,
  contact: { name: 'Dulina', number: '94724878282' },
  chat: {
    id: '120363397205317359@g.us',
    name: '🎓 BIT- UOM  - 2025 July Intake🎓',
    isGroup: true
  }
}
post request received
Event emitted: whatsapp.message {
  from: '120363397205317359@g.us',
  to: '94704017188@c.us',
  body: null,
  timestamp: 1768625278,
  hasMedia: true,
  fromMe: false,
  contact: { name: 'Eran', number: '94779014325' },
  chat: {
    id: '120363397205317359@g.us',
    name: '🎓 BIT- UOM  - 2025 July Intake🎓',
    isGroup: true
  }
}
post request received
Event emitted: whatsapp.message {
  from: '120363397205317359@g.us',
  to: '94704017188@c.us',
  body: 'Oooo',
  timestamp: 1768625282,
  hasMedia: false,
  fromMe: false,
  contact: { name: 'Eran', number: '94779014325' },
  chat: {
    id: '120363397205317359@g.us',
    name: '🎓 BIT- UOM  - 2025 July Intake🎓',
    isGroup: true
  }
}
post request received
Event emitted: whatsapp.message {
  from: '120363397205317359@g.us',
  to: '94704017188@c.us',
  body: null,
  timestamp: 1768625289,
  hasMedia: true,
  fromMe: false,
  contact: { name: 'chenalperera6', number: '94721604119' },
  chat: {
    id: '120363397205317359@g.us',
    name: '🎓 BIT- UOM  - 2025 July Intake🎓',
    isGroup: true
  }
}
post request received
Event emitted: whatsapp.message {
  from: '120363397205317359@g.us',
  to: '94704017188@c.us',
  body: 'Ekak ewaraii',
  timestamp: 1768625290,
  hasMedia: false,
  fromMe: false,
  contact: { name: 'chenalperera6', number: '94721604119' },
  chat: {
    id: '120363397205317359@g.us',
    name: '🎓 BIT- UOM  - 2025 July Intake🎓',
    isGroup: true
  }
}
User 1 disconnected.
Disconnected socket without user info: ShoRb9W77FXwIsA3AAA1
A user connected: iTR857Pkom116PV5AAA3
User 1 connected via socket iTR857Pkom116PV5AAA3
A user connected: pPVzDZYfkIAOzWl7AAA5
post request received
Event emitted: whatsapp.message {
  from: '120363397205317359@g.us',
  to: '94704017188@c.us',
  body: null,
  timestamp: 1768625292,
  hasMedia: true,
  fromMe: false,
  contact: { name: 'chenalperera6', number: '94721604119' },
  chat: {
    id: '120363397205317359@g.us',
    name: '🎓 BIT- UOM  - 2025 July Intake🎓',
    isGroup: true
  }
}
post request received
Event emitted: whatsapp.message {
  from: '120363397205317359@g.us',
  to: '94704017188@c.us',
  body: null,
  timestamp: 1768625296,
  hasMedia: true,
  fromMe: false,
  contact: { name: 'Eran', number: '94779014325' },
  chat: {
    id: '120363397205317359@g.us',
    name: '🎓 BIT- UOM  - 2025 July Intake🎓',
    isGroup: true
  }
}
User 1 reconnected before timeout, no logout triggered.
User 1 disconnected.
Disconnected socket without user info: pPVzDZYfkIAOzWl7AAA5
A user connected: nTPNIok-tSQAk9K6AAA7
User 1 connected via socket nTPNIok-tSQAk9K6AAA7
A user connected: 5W8Evka15gotYjqqAAA9
User 1 reconnected before timeout, no logout triggered.
Disconnected socket without user info: 5W8Evka15gotYjqqAAA9
User 1 disconnected.
A user connected: 9FK0QF8h7UySak_5AAA_
User 1 connected via socket 9FK0QF8h7UySak_5AAA_
A user connected: XaS-6Rw6aGaEsAmhAABB
User 1 reconnected before timeout, no logout triggered.
post request received
Event emitted: whatsapp.message {
  from: '120363397205317359@g.us',
  to: '94704017188@c.us',
  body: null,
  timestamp: 1768625323,
  hasMedia: true,
  fromMe: false,
  contact: { name: 'Jeewantha Dissanayake', number: '94717876659' },
  chat: {
    id: '120363397205317359@g.us',
    name: '🎓 BIT- UOM  - 2025 July Intake🎓',
    isGroup: true
  }
}
post request received
Event emitted: whatsapp.message {
  from: '94704017188@c.us',
  to: '94786070240@c.us',
  body: 'hi',
  timestamp: 1768625334,
  hasMedia: false,
  fromMe: true,
  contact: { name: 'My', number: '94704017188' },
  chat: { id: '94786070240@c.us', name: 'My', isGroup: false }
}
post request received
Event emitted: whatsapp.message {
  from: '120363397205317359@g.us',
  to: '94704017188@c.us',
  body: '@68148313243687',
  timestamp: 1768625335,
  hasMedia: false,
  fromMe: false,
  contact: { name: 'Eran', number: '94779014325' },
  chat: {
    id: '120363397205317359@g.us',
    name: '🎓 BIT- UOM  - 2025 July Intake🎓',
    isGroup: true
  }
}
post request received
Event emitted: whatsapp.message {
  from: '353851811186-1608451374@g.us',
  to: '94704017188@c.us',
  body: '💢 හෙට, 2026 *ජන. 18* ඉරිදා *උදේ 8-9* ට, *රංගිරි ශ්‍රී ලංකා* ගුවන් විදුලි සේවය හරහා ශ්‍රවණය කරන්න. FM104.4/105.7 ❈ එම වෙලාවටම *අන්තර්ජාලයෙන් ශ්‍රවණයට*: RangiriSriLanka.lk/radio/\n' +
    '❈ *තේමාව* | *බුදුපියාණන් වහන්සේ* දේශනා කළ,  *අනත්ත ලක්ෂණය නිවැරදිව* අවබෝධ කර ගනිමු.\n' +
    '    🪷🪷🪷🪷🪷🪷🪷🪷🪷\n' +
    '❂ *පෙර දේශනා* නැවත ශ්‍රවණයට: \n' +
    '  Tinyurl.com/RangiriRadiomp3\n' +
    '❂ ලොව්තුරු අරණ වෙබ් අඩවිය:\n' +
    '  LowthuruArana.net \n' +
    '🪷තං සුනාථ සාධුකං මනසිකරොථ🪷\n' +
    '        🙏 *තෙරුවන් සරණයි!* 🙏',
  timestamp: 1768625413,
  hasMedia: true,
  fromMe: false,
  contact: { name: 'Dilhan Fernando', number: '17012002830' },
  chat: {
    id: '353851811186-1608451374@g.us',
    name: 'ලොව්තුරු අරණ [4]',
    isGroup: true
  }
}
User 1 disconnected.
Disconnected socket without user info: XaS-6Rw6aGaEsAmhAABB
A user connected: Osus1Qgkzxj1E6ZUAABD
User 1 connected via socket Osus1Qgkzxj1E6ZUAABD
A user connected: lGX4Uet5lR0LJHyUAABF
User 1 disconnected.
Disconnected socket without user info: lGX4Uet5lR0LJHyUAABF
A user connected: hzkHOKKfWI_ARD9rAABH
User 1 connected via socket hzkHOKKfWI_ARD9rAABH
A user connected: wi6LaLruDI0CPDM4AABJ
User 1 reconnected before timeout, no logout triggered.
User 1 reconnected before timeout, no logout triggered.
post request received
Event emitted: whatsapp.message {
  from: '120363422251541358@g.us',
  to: '94704017188@c.us',
  body: 'විශිෂ්ටතම මිනිසුන් \n' +
    'වෙනුවෙන්මයි🌞\n' +
    'අද හවස කඩදාසියේ ඉතුරුටික සාකච්ඡා කරන්න පටම් ගමු❤️',
  timestamp: 1768625603,
  hasMedia: false,
  fromMe: false,
  contact: { name: 'Surya Kandaya', number: '94743348568' },
  chat: {
    id: '120363422251541358@g.us',
    name: 'බලය සැනසීම(පින) අවධි කරමු',
    isGroup: true
  }
}
post request received
Event emitted: whatsapp.message {
  from: '94704017188@c.us',
  to: '94786070240@c.us',
  body: 'hey',
  timestamp: 1768625629,
  hasMedia: false,
  fromMe: true,
  contact: { name: 'My', number: '94704017188' },
  chat: { id: '94786070240@c.us', name: 'My', isGroup: false }
}
post request received
Event emitted: whatsapp.message {
  from: '120363397205317359@g.us',
  to: '94704017188@c.us',
  body: 'Inna thana nam dan na bosa',
  timestamp: 1768625710,
  hasMedia: false,
  fromMe: false,
  contact: { name: 'L . N . Kaveesh Yasasvi', number: '94705375865' },
  chat: {
    id: '120363397205317359@g.us',
    name: '🎓 BIT- UOM  - 2025 July Intake🎓',
    isGroup: true
  }
}
User 1 disconnected.
Disconnected socket without user info: wi6LaLruDI0CPDM4AABJ
A user connected: QOtXNorkVZNZy7a-AABL
User 1 connected via socket QOtXNorkVZNZy7a-AABL
A user connected: MSpUXKqY01iEKoDJAABN
User 1 reconnected before timeout, no logout triggered.
post request received
Event emitted: whatsapp.message {
  from: '120363397205317359@g.us',
  to: '94704017188@c.us',
  body: 'Install කරල තිබ්බ නේද දෙකම',
  timestamp: 1768625816,
  hasMedia: false,
  fromMe: false,
  contact: { number: '94714600379' },
  chat: {
    id: '120363397205317359@g.us',
    name: '🎓 BIT- UOM  - 2025 July Intake🎓',
    isGroup: true
  }
}
post request received
Event emitted: whatsapp.message {
  from: '120363397205317359@g.us',
  to: '94704017188@c.us',
  body: 'Canteen eke',
  timestamp: 1768625957,
  hasMedia: false,
  fromMe: false,
  contact: { name: 'Angelo Kannangara', number: '94741762872' },
  chat: {
    id: '120363397205317359@g.us',
    name: '🎓 BIT- UOM  - 2025 July Intake🎓',
    isGroup: true
  }
}
post request received
Event emitted: whatsapp.message {
  from: '120363397205317359@g.us',
  to: '94704017188@c.us',
  body: 'Ko',
  timestamp: 1768625959,
  hasMedia: false,
  fromMe: false,
  contact: { name: 'Angelo Kannangara', number: '94741762872' },
  chat: {
    id: '120363397205317359@g.us',
    name: '🎓 BIT- UOM  - 2025 July Intake🎓',
    isGroup: true
  }
}
post request received
Event emitted: whatsapp.message {
  from: '120363397205317359@g.us',
  to: '94704017188@c.us',
  body: null,
  timestamp: 1768625960,
  hasMedia: true,
  fromMe: false,
  contact: { name: 'Angelo Kannangara', number: '94741762872' },
  chat: {
    id: '120363397205317359@g.us',
    name: '🎓 BIT- UOM  - 2025 July Intake🎓',
    isGroup: true
  }
}
post request received
Event emitted: whatsapp.message {
  from: '120363397205317359@g.us',
  to: '94704017188@c.us',
  body: 'Mokda',
  timestamp: 1768625971,
  hasMedia: false,
  fromMe: false,
  contact: { name: 'Pravinda', number: '94775717025' },
  chat: {
    id: '120363397205317359@g.us',
    name: '🎓 BIT- UOM  - 2025 July Intake🎓',
    isGroup: true
  }
}
post request received
Event emitted: whatsapp.message {
  from: '120363397205317359@g.us',
  to: '94704017188@c.us',
  body: 'Goda da \nGoda uda da\nWala da',
  timestamp: 1768625980,
  hasMedia: false,
  fromMe: false,
  contact: { name: 'Pravinda', number: '94775717025' },
  chat: {
    id: '120363397205317359@g.us',
    name: '🎓 BIT- UOM  - 2025 July Intake🎓',
    isGroup: true
  }
}
post request received
Event emitted: whatsapp.message {
  from: '120363397205317359@g.us',
  to: '94704017188@c.us',
  body: null,
  timestamp: 1768625983,
  hasMedia: true,
  fromMe: false,
  contact: { name: 'Pravinda', number: '94775717025' },
  chat: {
    id: '120363397205317359@g.us',
    name: '🎓 BIT- UOM  - 2025 July Intake🎓',
    isGroup: true
  }
}
post request received
Event emitted: whatsapp.message {
  from: '120363397205317359@g.us',
  to: '94704017188@c.us',
  body: null,
  timestamp: 1768626004,
  hasMedia: true,
  fromMe: false,
  contact: { name: 'Jeewantha Dissanayake', number: '94717876659' },
  chat: {
    id: '120363397205317359@g.us',
    name: '🎓 BIT- UOM  - 2025 July Intake🎓',
    isGroup: true
  }
}
post request received
Event emitted: whatsapp.message {
  from: '120363397205317359@g.us',
  to: '94704017188@c.us',
  body: 'Namak gamak dnnaha',
  timestamp: 1768626005,
  hasMedia: false,
  fromMe: false,
  contact: { name: 'Angelo Kannangara', number: '94741762872' },
  chat: {
    id: '120363397205317359@g.us',
    name: '🎓 BIT- UOM  - 2025 July Intake🎓',
    isGroup: true
  }
}
post request received
Event emitted: whatsapp.message {
  from: '120363397205317359@g.us',
  to: '94704017188@c.us',
  body: 'Palama laga eka',
  timestamp: 1768626007,
  hasMedia: false,
  fromMe: false,
  contact: { name: 'Angelo Kannangara', number: '94741762872' },
  chat: {
    id: '120363397205317359@g.us',
    name: '🎓 BIT- UOM  - 2025 July Intake🎓',
    isGroup: true
  }
}
post request received
Event emitted: whatsapp.message {
  from: '120363397205317359@g.us',
  to: '94704017188@c.us',
  body: null,
  timestamp: 1768626010,
  hasMedia: true,
  fromMe: false,
  contact: { name: 'Angelo Kannangara', number: '94741762872' },
  chat: {
    id: '120363397205317359@g.us',
    name: '🎓 BIT- UOM  - 2025 July Intake🎓',
    isGroup: true
  }
}
post request received
Event emitted: whatsapp.message {
  from: '120363397205317359@g.us',
  to: '94704017188@c.us',
  body: 'Staff canteen kiyala thiyenne',
  timestamp: 1768626031,
  hasMedia: false,
  fromMe: false,
  contact: { name: 'Pravinda', number: '94775717025' },
  chat: {
    id: '120363397205317359@g.us',
    name: '🎓 BIT- UOM  - 2025 July Intake🎓',
    isGroup: true
  }
}
post request received
Event emitted: whatsapp.message {
  from: '120363397205317359@g.us',
  to: '94704017188@c.us',
  body: 'Ekeda',
  timestamp: 1768626032,
  hasMedia: false,
  fromMe: false,
  contact: { name: 'Pravinda', number: '94775717025' },
  chat: {
    id: '120363397205317359@g.us',
    name: '🎓 BIT- UOM  - 2025 July Intake🎓',
    isGroup: true
  }
}
post request received
Event emitted: whatsapp.message {
  from: '120363397205317359@g.us',
  to: '94704017188@c.us',
  body: null,
  timestamp: 1768626038,
  hasMedia: true,
  fromMe: false,
  contact: { name: 'Pravinda', number: '94775717025' },
  chat: {
    id: '120363397205317359@g.us',
    name: '🎓 BIT- UOM  - 2025 July Intake🎓',
    isGroup: true
  }
}
post request received
Event emitted: whatsapp.message {
  from: '120363397205317359@g.us',
  to: '94704017188@c.us',
  body: 'Anehh, 10:30ta kiyl hitan mn awe na',
  timestamp: 1768626049,
  hasMedia: false,
  fromMe: false,
  contact: { name: 'Aushan', number: '94743316257' },
  chat: {
    id: '120363397205317359@g.us',
    name: '🎓 BIT- UOM  - 2025 July Intake🎓',
    isGroup: true
  }
}
post request received
Event emitted: whatsapp.message {
  from: '120363397205317359@g.us',
  to: '94704017188@c.us',
  body: 'Na sarasawi sisila kiula gahala tiyenne',
  timestamp: 1768626064,
  hasMedia: false,
  fromMe: false,
  contact: { name: 'Angelo Kannangara', number: '94741762872' },
  chat: {
    id: '120363397205317359@g.us',
    name: '🎓 BIT- UOM  - 2025 July Intake🎓',
    isGroup: true
  }
}
post request received
Event emitted: whatsapp.message {
  from: '120363397205317359@g.us',
  to: '94704017188@c.us',
  body: 'Boc bankuwa hriye da',
  timestamp: 1768626090,
  hasMedia: false,
  fromMe: false,
  contact: { name: 'Pravinda', number: '94775717025' },
  chat: {
    id: '120363397205317359@g.us',
    name: '🎓 BIT- UOM  - 2025 July Intake🎓',
    isGroup: true
  }
}
post request received
Event emitted: whatsapp.message {
  from: '120363397205317359@g.us',
  to: '94704017188@c.us',
  body: 'Palama uda ekda yatada',
  timestamp: 1768626097,
  hasMedia: false,
  fromMe: false,
  contact: { name: 'Pravinda', number: '94775717025' },
  chat: {
    id: '120363397205317359@g.us',
    name: '🎓 BIT- UOM  - 2025 July Intake🎓',
    isGroup: true
  }
}
post request received
Event emitted: whatsapp.message {
  from: '120363397205317359@g.us',
  to: '94704017188@c.us',
  body: 'Photo ekk ewhanko',
  timestamp: 1768626120,
  hasMedia: false,
  fromMe: false,
  contact: { name: 'Pravinda', number: '94775717025' },
  chat: {
    id: '120363397205317359@g.us',
    name: '🎓 BIT- UOM  - 2025 July Intake🎓',
    isGroup: true
  }
}
post request received
Event emitted: whatsapp.message {
  from: '120363397205317359@g.us',
  to: '94704017188@c.us',
  body: null,
  timestamp: 1768626123,
  hasMedia: true,
  fromMe: false,
  contact: { name: 'Pravinda', number: '94775717025' },
  chat: {
    id: '120363397205317359@g.us',
    name: '🎓 BIT- UOM  - 2025 July Intake🎓',
    isGroup: true
  }
}
post request received
Event emitted: whatsapp.message {
  from: '120363397205317359@g.us',
  to: '94704017188@c.us',
  body: 'Baluwe na. Thibbanm puluwan weine',
  timestamp: 1768626145,
  hasMedia: false,
  fromMe: false,
  contact: { name: 'Dulina', number: '94724878282' },
  chat: {
    id: '120363397205317359@g.us',
    name: '🎓 BIT- UOM  - 2025 July Intake🎓',
    isGroup: true
  }
}
post request received
Event emitted: whatsapp.message {
  from: '94704017188@c.us',
  to: '94786070240@c.us',
  body: 'hey',
  timestamp: 1768626303,
  hasMedia: true,
  fromMe: true,
  contact: { name: 'My', number: '94704017188' },
  chat: { id: '94786070240@c.us', name: 'My', isGroup: false }
}
post request received
Event emitted: whatsapp.message {
  from: '120363397205317359@g.us',
  to: '94704017188@c.us',
  body: 'Eee kohed bn',
  timestamp: 1768626387,
  hasMedia: false,
  fromMe: false,
  contact: { name: 'Eran', number: '94779014325' },
  chat: {
    id: '120363397205317359@g.us',
    name: '🎓 BIT- UOM  - 2025 July Intake🎓',
    isGroup: true
  }
}
post request received
Event emitted: whatsapp.message {
  from: '120363397205317359@g.us',
  to: '94704017188@c.us',
  body: null,
  timestamp: 1768626398,
  hasMedia: true,
  fromMe: false,
  contact: { name: 'Eran', number: '94779014325' },
  chat: {
    id: '120363397205317359@g.us',
    name: '🎓 BIT- UOM  - 2025 July Intake🎓',
    isGroup: true
  }
}
User 1 disconnected.
Disconnected socket without user info: MSpUXKqY01iEKoDJAABN
A user connected: 7obBPdUJiSKJxWVJAABP
User 1 connected via socket 7obBPdUJiSKJxWVJAABP
A user connected: XUVvamMrxEaFdfFkAABR
User 1 disconnected.
Disconnected socket without user info: XUVvamMrxEaFdfFkAABR
A user connected: ikDp2w4MWggPATPPAABT
User 1 connected via socket ikDp2w4MWggPATPPAABT
User 1 reconnected before timeout, no logout triggered.
A user connected: XwvRxAE-EknTdOJwAABV
post request received
Event emitted: whatsapp.message {
  from: '120363397205317359@g.us',
  to: '94704017188@c.us',
  body: 'Sarasawi sisila kiyanne event ekk',
  timestamp: 1768626408,
  hasMedia: false,
  fromMe: false,
  contact: { name: 'Pravinda', number: '94775717025' },
  chat: {
    id: '120363397205317359@g.us',
    name: '🎓 BIT- UOM  - 2025 July Intake🎓',
    isGroup: true
  }
}
post request received
Event emitted: whatsapp.message {
  from: '120363397205317359@g.us',
  to: '94704017188@c.us',
  body: null,
  timestamp: 1768626410,
  hasMedia: true,
  fromMe: false,
  contact: { name: 'Pravinda', number: '94775717025' },
  chat: {
    id: '120363397205317359@g.us',
    name: '🎓 BIT- UOM  - 2025 July Intake🎓',
    isGroup: true
  }
}
User 1 reconnected before timeout, no logout triggered.
post request received
Event emitted: whatsapp.message {
  from: '94704017188@c.us',
  to: '94786070240@c.us',
  body: 'hi',
  timestamp: 1768626423,
  hasMedia: true,
  fromMe: true,
  contact: { name: 'My', number: '94704017188' },
  chat: { id: '94786070240@c.us', name: 'My', isGroup: false }
}
User 1 disconnected.
Disconnected socket without user info: XwvRxAE-EknTdOJwAABV
A user connected: Xc9BhNzXSzUOW2z0AABX
User 1 connected via socket Xc9BhNzXSzUOW2z0AABX
A user connected: AonvO_p0ZjEIFwUUAABZ
User 1 reconnected before timeout, no logout triggered.
User 1 disconnected.
Disconnected socket without user info: AonvO_p0ZjEIFwUUAABZ
A user connected: joeqlbK2ZqXIjpAIAABb
User 1 connected via socket joeqlbK2ZqXIjpAIAABb
A user connected: eCtUuZJ0ADUbRl8DAABd
User 1 reconnected before timeout, no logout triggered.
post request received
Event emitted: whatsapp.message {
  from: '120363397205317359@g.us',
  to: '94704017188@c.us',
  body: 'Hlow keeytd aye ptn gnne kiynnko',
  timestamp: 1768626486,
  hasMedia: false,
  fromMe: false,
  contact: { name: 'Nihari Pahasara', number: '94743528522' },
  chat: {
    id: '120363397205317359@g.us',
    name: '🎓 BIT- UOM  - 2025 July Intake🎓',
    isGroup: true
  }
}
post request received
Event emitted: whatsapp.message {
  from: '120363397205317359@g.us',
  to: '94704017188@c.us',
  body: '11',
  timestamp: 1768626496,
  hasMedia: false,
  fromMe: false,
  contact: { name: 'Aushan', number: '94743316257' },
  chat: {
    id: '120363397205317359@g.us',
    name: '🎓 BIT- UOM  - 2025 July Intake🎓',
    isGroup: true
  }
}
post request received
Event emitted: whatsapp.message {
  from: '120363397205317359@g.us',
  to: '94704017188@c.us',
  body: 'El',
  timestamp: 1768626505,
  hasMedia: false,
  fromMe: false,
  contact: { name: 'Nihari Pahasara', number: '94743528522' },
  chat: {
    id: '120363397205317359@g.us',
    name: '🎓 BIT- UOM  - 2025 July Intake🎓',
    isGroup: true
  }
}
post request received
Event emitted: whatsapp.message {
  from: '120363397205317359@g.us',
  to: '94704017188@c.us',
  body: 'Anna ow atm eke laga canteen eka palamen anek patte',
  timestamp: 1768626565,
  hasMedia: false,
  fromMe: false,
  contact: { name: 'Angelo Kannangara', number: '94741762872' },
  chat: {
    id: '120363397205317359@g.us',
    name: '🎓 BIT- UOM  - 2025 July Intake🎓',
    isGroup: true
  }
}
post request received
Event emitted: whatsapp.message {
  from: '120363397205317359@g.us',
  to: '94704017188@c.us',
  body: 'Aneh mun tika atharmn wela wge😂',
  timestamp: 1768626736,
  hasMedia: false,
  fromMe: false,
  contact: { name: 'Nihari Pahasara', number: '94743528522' },
  chat: {
    id: '120363397205317359@g.us',
    name: '🎓 BIT- UOM  - 2025 July Intake🎓',
    isGroup: true
  }
}
post request received
Event emitted: whatsapp.message {
  from: '94704017188@c.us',
  to: '94786070240@c.us',
  body: null,
  timestamp: 1768626800,
  hasMedia: true,
  fromMe: true,
  contact: { name: 'My', number: '94704017188' },
  chat: { id: '94786070240@c.us', name: 'My', isGroup: false }
}
post request received
Event emitted: whatsapp.message {
  from: '94786070240@c.us',
  to: '94704017188@c.us',
  body: null,
  timestamp: 1768626836,
  hasMedia: true,
  fromMe: false,
  contact: { name: 'My', number: '94786070240' },
  chat: { id: '94786070240@c.us', name: 'My', isGroup: false }
}
User 1 disconnected.
Disconnected socket without user info: eCtUuZJ0ADUbRl8DAABd
A user connected: A7vdkA3T_HW809sqAABf
User 1 connected via socket A7vdkA3T_HW809sqAABf
A user connected: -nEUj2dly0UNe-KqAABh
User 1 reconnected before timeout, no logout triggered.
User 1 disconnected.
Disconnected socket without user info: -nEUj2dly0UNe-KqAABh
A user connected: AEKseukPnTeX7ys2AABj
User 1 connected via socket AEKseukPnTeX7ys2AABj
A user connected: _bxL3-WaSABmJIMxAABl
User 1 reconnected before timeout, no logout triggered.
User 1 disconnected.
Disconnected socket without user info: _bxL3-WaSABmJIMxAABl
A user connected: Nu7l_VK86-eEBt_oAABn
User 1 connected via socket Nu7l_VK86-eEBt_oAABn
A user connected: 7-_CML8lWUbfFpReAABp
User 1 reconnected before timeout, no logout triggered.
User 1 disconnected.
Disconnected socket without user info: 7-_CML8lWUbfFpReAABp
A user connected: jmmMMmuLm5wwVfMCAABr
User 1 connected via socket jmmMMmuLm5wwVfMCAABr
A user connected: IZrR71cEpb2AcAklAABt
User 1 reconnected before timeout, no logout triggered.
User 1 disconnected.
Disconnected socket without user info: IZrR71cEpb2AcAklAABt
A user connected: Ouo0dPvRjzCQIN2XAABv
User 1 connected via socket Ouo0dPvRjzCQIN2XAABv
A user connected: U9CnPDkqPS-d0pJQAABx
User 1 reconnected before timeout, no logout triggered.
post request received
Event emitted: whatsapp.message {
  from: '94704017188@c.us',
  to: '94786070240@c.us',
  body: 'Re- Scrutiny Application 2023 - 2.pdf',
  timestamp: 1768627756,
  hasMedia: true,
  fromMe: true,
  contact: { name: 'My', number: '94704017188' },
  chat: { id: '94786070240@c.us', name: 'My', isGroup: false }
}
post request received
Event emitted: whatsapp.message {
  from: '120363397205317359@g.us',
  to: '94704017188@c.us',
  body: 'Exam koheda thiyenne',
  timestamp: 1768627778,
  hasMedia: false,
  fromMe: false,
  contact: { name: 'Ruwan wijesinghe', number: '94767625258' },
  chat: {
    id: '120363397205317359@g.us',
    name: '🎓 BIT- UOM  - 2025 July Intake🎓',
    isGroup: true
  }
}
post request received
Event emitted: whatsapp.message {
  from: '94704017188@c.us',
  to: '94786070240@c.us',
  body: 'hi',
  timestamp: 1768628070,
  hasMedia: false,
  fromMe: true,
  contact: { name: 'My', number: '94704017188' },
  chat: { id: '94786070240@c.us', name: 'My', isGroup: false }
}
Disconnected socket without user info: U9CnPDkqPS-d0pJQAABx
User 1 disconnected.
A user connected: jePifk-z4fimHcncAABz
User 1 connected via socket jePifk-z4fimHcncAABz
A user connected: Lb7bD0VAOtwkyQCAAAB1
User 1 reconnected before timeout, no logout triggered.
User 1 disconnected.
Disconnected socket without user info: Lb7bD0VAOtwkyQCAAAB1
A user connected: POvKbBL8EXW5n3xDAAB3
User 1 connected via socket POvKbBL8EXW5n3xDAAB3
A user connected: lpydMrCyMxwrRBN3AAB5
User 1 reconnected before timeout, no logout triggered.
post request received
Event emitted: whatsapp.message {
  from: '94704017188@c.us',
  to: '94786070240@c.us',
  body: 'hj',
  timestamp: 1768628148,
  hasMedia: true,
  fromMe: true,
  contact: { name: 'My', number: '94704017188' },
  chat: { id: '94786070240@c.us', name: 'My', isGroup: false }
}
User 1 disconnected.
Disconnected socket without user info: lpydMrCyMxwrRBN3AAB5
A user connected: nD4lSksH_w3aJk8wAAB7
User 1 connected via socket nD4lSksH_w3aJk8wAAB7
A user connected: o7apMGhyIHGlaZBqAAB9
User 1 reconnected before timeout, no logout triggered.
post request received
Event emitted: whatsapp.message {
  from: '120363397205317359@g.us',
  to: '94704017188@c.us',
  body: 'Programing liynn nethi thawath aya innwd',
  timestamp: 1768628725,
  hasMedia: false,
  fromMe: false,
  contact: { name: 'Suneth Nishshanka', number: '94760847183' },
  chat: {
    id: '120363397205317359@g.us',
    name: '🎓 BIT- UOM  - 2025 July Intake🎓',
    isGroup: true
  }
}
post request received
Event emitted: whatsapp.message {
  from: '120363397205317359@g.us',
  to: '94704017188@c.us',
  body: 'Innooo',
  timestamp: 1768628892,
  hasMedia: false,
  fromMe: false,
  contact: { name: 'R. M. Jonathan', number: '94763102382' },
  chat: {
    id: '120363397205317359@g.us',
    name: '🎓 BIT- UOM  - 2025 July Intake🎓',
    isGroup: true
  }
}
post request received
Event emitted: whatsapp.message {
  from: '120363397205317359@g.us',
  to: '94704017188@c.us',
  body: 'Kothand inne',
  timestamp: 1768629015,
  hasMedia: false,
  fromMe: false,
  contact: { name: 'Suneth Nishshanka', number: '94760847183' },
  chat: {
    id: '120363397205317359@g.us',
    name: '🎓 BIT- UOM  - 2025 July Intake🎓',
    isGroup: true
  }
}
post request received
Event emitted: whatsapp.message {
  from: '120363397205317359@g.us',
  to: '94704017188@c.us',
  body: 'Canteen eke',
  timestamp: 1768629036,
  hasMedia: false,
  fromMe: false,
  contact: { name: 'R. M. Jonathan', number: '94763102382' },
  chat: {
    id: '120363397205317359@g.us',
    name: '🎓 BIT- UOM  - 2025 July Intake🎓',
    isGroup: true
  }
}
post request received
Event emitted: whatsapp.message {
  from: '120363397205317359@g.us',
  to: '94704017188@c.us',
  body: 'Elm',
  timestamp: 1768629050,
  hasMedia: false,
  fromMe: false,
  contact: { name: 'Suneth Nishshanka', number: '94760847183' },
  chat: {
    id: '120363397205317359@g.us',
    name: '🎓 BIT- UOM  - 2025 July Intake🎓',
    isGroup: true
  }
}
User 1 disconnected.
Disconnected socket without user info: o7apMGhyIHGlaZBqAAB9
User 1 disconnected.
A user connected: CgquhKi04czknFKpAACA
A user connected: iao9N_EPiFI0q62FAACC
A user connected: UWRhC04YGpjpeQHmAACD
User 1 connected via socket iao9N_EPiFI0q62FAACC
User 1 connected via socket CgquhKi04czknFKpAACA
User 1 reconnected before timeout, no logout triggered.
User 1 reconnected before timeout, no logout triggered.
User 1 disconnected.
Disconnected socket without user info: UWRhC04YGpjpeQHmAACD
A user connected: SJDeoPH-47oN1ZErAACF
User 1 connected via socket SJDeoPH-47oN1ZErAACF
A user connected: fKuS3AZ2wvdXgOpLAACH
User 1 reconnected before timeout, no logout triggered.
Disconnected socket without user info: fKuS3AZ2wvdXgOpLAACH
User 1 disconnected.
User 1 disconnected.
A user connected: UwAUJWJz79exEmm1AACJ
User 1 connected via socket UwAUJWJz79exEmm1AACJ
A user connected: iTmZ8ATvIS5FtdcmAACL
A user connected: TXX4JVmiBgJuMuxpAACN
User 1 connected via socket TXX4JVmiBgJuMuxpAACN
User 1 reconnected before timeout, no logout triggered.
User 1 reconnected before timeout, no logout triggered.
Disconnected socket without user info: iTmZ8ATvIS5FtdcmAACL
User 1 disconnected.
A user connected: 1_Jt2hE2mMY3suxLAACP
User 1 connected via socket 1_Jt2hE2mMY3suxLAACP
A user connected: TANeDikIiPpkdIcbAACR
User 1 reconnected before timeout, no logout triggered.
post request received
Event emitted: whatsapp.message {
  from: '120363397205317359@g.us',
  to: '94704017188@c.us',
  body: null,
  timestamp: 1768631637,
  hasMedia: true,
  fromMe: false,
  contact: { name: 'Pravinda', number: '94775717025' },
  chat: {
    id: '120363397205317359@g.us',
    name: '🎓 BIT- UOM  - 2025 July Intake🎓',
    isGroup: true
  }
}
post request received
Event emitted: whatsapp.message {
  from: '120363397205317359@g.us',
  to: '94704017188@c.us',
  body: 'Lesi lesi',
  timestamp: 1768631646,
  hasMedia: false,
  fromMe: false,
  contact: { name: 'Pravinda', number: '94775717025' },
  chat: {
    id: '120363397205317359@g.us',
    name: '🎓 BIT- UOM  - 2025 July Intake🎓',
    isGroup: true
  }
}
post request received
Event emitted: whatsapp.message {
  from: 'status@broadcast',
  to: '94704017188@c.us',
  body: 'Maclaren ❤️',
  timestamp: 1768631191,
  hasMedia: true,
  fromMe: false,
  contact: { name: 'HNDIT Senior Gagula Aiya', number: '94764277796' },
  chat: { id: 'status@broadcast', name: null, isGroup: true }
}
post request received
Event emitted: whatsapp.message {
  from: '120363397205317359@g.us',
  to: '94704017188@c.us',
  body: 'Ict skills wala short note ekk thiyenwa nm share krnnako',
  timestamp: 1768631647,
  hasMedia: false,
  fromMe: false,
  contact: { name: '☠️💀☠️Toothless☠️💀☠️', number: '94783581408' },
  chat: {
    id: '120363397205317359@g.us',
    name: '🎓 BIT- UOM  - 2025 July Intake🎓',
    isGroup: true
  }
}
post request received
Event emitted: whatsapp.message {
  from: '120363397205317359@g.us',
  to: '94704017188@c.us',
  body: null,
  timestamp: 1768631649,
  hasMedia: true,
  fromMe: false,
  contact: { name: '☠️💀☠️Toothless☠️💀☠️', number: '94783581408' },
  chat: {
    id: '120363397205317359@g.us',
    name: '🎓 BIT- UOM  - 2025 July Intake🎓',
    isGroup: true
  }
}
post request received
Event emitted: whatsapp.message {
  from: '120363397205317359@g.us',
  to: '94704017188@c.us',
  body: null,
  timestamp: 1768631649,
  hasMedia: true,
  fromMe: false,
  contact: { name: 'Pravinda', number: '94775717025' },
  chat: {
    id: '120363397205317359@g.us',
    name: '🎓 BIT- UOM  - 2025 July Intake🎓',
    isGroup: true
  }
}
post request received
Event emitted: whatsapp.message {
  from: '120363397205317359@g.us',
  to: '94704017188@c.us',
  body: '😂😂',
  timestamp: 1768631654,
  hasMedia: false,
  fromMe: false,
  contact: { name: 'Thiviru Deshapriya', number: '94702088002' },
  chat: {
    id: '120363397205317359@g.us',
    name: '🎓 BIT- UOM  - 2025 July Intake🎓',
    isGroup: true
  }
}
post request received
Event emitted: whatsapp.message {
  from: '120363397205317359@g.us',
  to: '94704017188@c.us',
  body: null,
  timestamp: 1768631685,
  hasMedia: true,
  fromMe: false,
  contact: { name: 'Thiviru Deshapriya', number: '94702088002' },
  chat: {
    id: '120363397205317359@g.us',
    name: '🎓 BIT- UOM  - 2025 July Intake🎓',
    isGroup: true
  }
}
post request received
Event emitted: whatsapp.message {
  from: '120363397205317359@g.us',
  to: '94704017188@c.us',
  body: 'Yako paya eka hamrak balan inna epai dan anith ekata',
  timestamp: 1768631703,
  hasMedia: false,
  fromMe: false,
  contact: { name: 'Pravinda', number: '94775717025' },
  chat: {
    id: '120363397205317359@g.us',
    name: '🎓 BIT- UOM  - 2025 July Intake🎓',
    isGroup: true
  }
}
post request received
Event emitted: whatsapp.message {
  from: '120363397205317359@g.us',
  to: '94704017188@c.us',
  body: null,
  timestamp: 1768631705,
  hasMedia: true,
  fromMe: false,
  contact: { name: 'Pravinda', number: '94775717025' },
  chat: {
    id: '120363397205317359@g.us',
    name: '🎓 BIT- UOM  - 2025 July Intake🎓',
    isGroup: true
  }
}
post request received
Event emitted: whatsapp.message {
  from: '120363397205317359@g.us',
  to: '94704017188@c.us',
  body: 'Okkma eka para krnna dunna nam iwarane',
  timestamp: 1768631714,
  hasMedia: false,
  fromMe: false,
  contact: { name: 'Pravinda', number: '94775717025' },
  chat: {
    id: '120363397205317359@g.us',
    name: '🎓 BIT- UOM  - 2025 July Intake🎓',
    isGroup: true
  }
}
post request received
Event emitted: whatsapp.message {
  from: '120363397205317359@g.us',
  to: '94704017188@c.us',
  body: '😂😂😂',
  timestamp: 1768631716,
  hasMedia: false,
  fromMe: false,
  contact: { name: 'Thiviru Deshapriya', number: '94702088002' },
  chat: {
    id: '120363397205317359@g.us',
    name: '🎓 BIT- UOM  - 2025 July Intake🎓',
    isGroup: true
  }
}
post request received
Event emitted: whatsapp.message {
  from: '120363397205317359@g.us',
  to: '94704017188@c.us',
  body: 'Sirawata',
  timestamp: 1768631722,
  hasMedia: false,
  fromMe: false,
  contact: { name: 'Thiviru Deshapriya', number: '94702088002' },
  chat: {
    id: '120363397205317359@g.us',
    name: '🎓 BIT- UOM  - 2025 July Intake🎓',
    isGroup: true
  }
}
post request received
Event emitted: whatsapp.message {
  from: '120363397205317359@g.us',
  to: '94704017188@c.us',
  body: 'Me welaawa heta ta extend karaganna barida dnnh',
  timestamp: 1768631735,
  hasMedia: false,
  fromMe: false,
  contact: { name: 'Thiviru Deshapriya', number: '94702088002' },
  chat: {
    id: '120363397205317359@g.us',
    name: '🎓 BIT- UOM  - 2025 July Intake🎓',
    isGroup: true
  }
}
post request received
Event emitted: whatsapp.message {
  from: '120363397205317359@g.us',
  to: '94704017188@c.us',
  body: '.naddo',
  timestamp: 1768631735,
  hasMedia: false,
  fromMe: false,
  contact: { name: '☠️💀☠️Toothless☠️💀☠️', number: '94783581408' },
  chat: {
    id: '120363397205317359@g.us',
    name: '🎓 BIT- UOM  - 2025 July Intake🎓',
    isGroup: true
  }
}
post request received
Event emitted: whatsapp.message {
  from: '120363397205317359@g.us',
  to: '94704017188@c.us',
  body: 'Gedra yanna hri thibba',
  timestamp: 1768631738,
  hasMedia: false,
  fromMe: false,
  contact: { name: 'Pravinda', number: '94775717025' },
  chat: {
    id: '120363397205317359@g.us',
    name: '🎓 BIT- UOM  - 2025 July Intake🎓',
    isGroup: true
  }
}
post request received
Event emitted: whatsapp.message {
  from: '120363397205317359@g.us',
  to: '94704017188@c.us',
  body: null,
  timestamp: 1768631744,
  hasMedia: true,
  fromMe: false,
  contact: { name: 'Pravinda', number: '94775717025' },
  chat: {
    id: '120363397205317359@g.us',
    name: '🎓 BIT- UOM  - 2025 July Intake🎓',
    isGroup: true
  }
}
post request received
Event emitted: whatsapp.message {
  from: '120363397205317359@g.us',
  to: '94704017188@c.us',
  body: 'Ow heta thama amru',
  timestamp: 1768631750,
  hasMedia: false,
  fromMe: false,
  contact: { name: 'Pravinda', number: '94775717025' },
  chat: {
    id: '120363397205317359@g.us',
    name: '🎓 BIT- UOM  - 2025 July Intake🎓',
    isGroup: true
  }
}
post request received
Event emitted: whatsapp.message {
  from: '120363397205317359@g.us',
  to: '94704017188@c.us',
  body: 'ICT Skills & Applications - FULL.pdf',
  timestamp: 1768631760,
  hasMedia: true,
  fromMe: false,
  contact: { name: 'Pravinda', number: '94775717025' },
  chat: {
    id: '120363397205317359@g.us',
    name: '🎓 BIT- UOM  - 2025 July Intake🎓',
    isGroup: true
  }
}
post request received
Event emitted: whatsapp.message {
  from: '120363397205317359@g.us',
  to: '94704017188@c.us',
  body: null,
  timestamp: 1768631815,
  hasMedia: true,
  fromMe: false,
  contact: { name: 'Angelo Kannangara', number: '94741762872' },
  chat: {
    id: '120363397205317359@g.us',
    name: '🎓 BIT- UOM  - 2025 July Intake🎓',
    isGroup: true
  }
}
post request received
Event emitted: whatsapp.message {
  from: '120363397205317359@g.us',
  to: '94704017188@c.us',
  body: 'Ane pamcho',
  timestamp: 1768631817,
  hasMedia: false,
  fromMe: false,
  contact: { name: 'Angelo Kannangara', number: '94741762872' },
  chat: {
    id: '120363397205317359@g.us',
    name: '🎓 BIT- UOM  - 2025 July Intake🎓',
    isGroup: true
  }
}
post request received
Event emitted: whatsapp.message {
  from: '120363397205317359@g.us',
  to: '94704017188@c.us',
  body: 'Sira',
  timestamp: 1768631825,
  hasMedia: false,
  fromMe: false,
  contact: { name: 'Angelo Kannangara', number: '94741762872' },
  chat: {
    id: '120363397205317359@g.us',
    name: '🎓 BIT- UOM  - 2025 July Intake🎓',
    isGroup: true
  }
}
post request received
Event emitted: whatsapp.message {
  from: '120363397205317359@g.us',
  to: '94704017188@c.us',
  body: 'Oya liynneth nadda mahaththayo😂♥️',
  timestamp: 1768631853,
  hasMedia: false,
  fromMe: false,
  contact: { name: 'R. M. Jonathan', number: '94763102382' },
  chat: {
    id: '120363397205317359@g.us',
    name: '🎓 BIT- UOM  - 2025 July Intake🎓',
    isGroup: true
  }
}
post request received
Event emitted: whatsapp.message {
  from: '120363397205317359@g.us',
  to: '94704017188@c.us',
  body: 'Krla iwarai',
  timestamp: 1768631896,
  hasMedia: false,
  fromMe: false,
  contact: { name: 'Angelo Kannangara', number: '94741762872' },
  chat: {
    id: '120363397205317359@g.us',
    name: '🎓 BIT- UOM  - 2025 July Intake🎓',
    isGroup: true
  }
}
post request received
Event emitted: whatsapp.message {
  from: '120363397205317359@g.us',
  to: '94704017188@c.us',
  body: null,
  timestamp: 1768631907,
  hasMedia: true,
  fromMe: false,
  contact: { name: 'Angelo Kannangara', number: '94741762872' },
  chat: {
    id: '120363397205317359@g.us',
    name: '🎓 BIT- UOM  - 2025 July Intake🎓',
    isGroup: true
  }
}
post request received
Event emitted: whatsapp.message {
  from: '120363397205317359@g.us',
  to: '94704017188@c.us',
  body: null,
  timestamp: 1768631945,
  hasMedia: true,
  fromMe: false,
  contact: { name: 'Angelo Kannangara', number: '94741762872' },
  chat: {
    id: '120363397205317359@g.us',
    name: '🎓 BIT- UOM  - 2025 July Intake🎓',
    isGroup: true
  }
}
post request received
Event emitted: whatsapp.message {
  from: '120363397205317359@g.us',
  to: '94704017188@c.us',
  body: null,
  timestamp: 1768631932,
  hasMedia: true,
  fromMe: false,
  contact: { name: 'Thiviru Deshapriya', number: '94702088002' },
  chat: {
    id: '120363397205317359@g.us',
    name: '🎓 BIT- UOM  - 2025 July Intake🎓',
    isGroup: true
  }
}
post request received
Event emitted: whatsapp.message {
  from: '120363397205317359@g.us',
  to: '94704017188@c.us',
  body: 'Thopila koheda bn',
  timestamp: 1768632121,
  hasMedia: false,
  fromMe: false,
  contact: { name: 'Pravinda', number: '94775717025' },
  chat: {
    id: '120363397205317359@g.us',
    name: '🎓 BIT- UOM  - 2025 July Intake🎓',
    isGroup: true
  }
}
post request received
Event emitted: whatsapp.message {
  from: '120363397205317359@g.us',
  to: '94704017188@c.us',
  body: 'Mn me cse eke inne yaluwa enakam',
  timestamp: 1768632160,
  hasMedia: false,
  fromMe: false,
  contact: { name: 'Angelo Kannangara', number: '94741762872' },
  chat: {
    id: '120363397205317359@g.us',
    name: '🎓 BIT- UOM  - 2025 July Intake🎓',
    isGroup: true
  }
}
post request received
Event emitted: whatsapp.message {
  from: '120363397205317359@g.us',
  to: '94704017188@c.us',
  body: null,
  timestamp: 1768632163,
  hasMedia: true,
  fromMe: false,
  contact: { name: 'Angelo Kannangara', number: '94741762872' },
  chat: {
    id: '120363397205317359@g.us',
    name: '🎓 BIT- UOM  - 2025 July Intake🎓',
    isGroup: true
  }
}
post request received
Event emitted: whatsapp.message {
  from: '120363397205317359@g.us',
  to: '94704017188@c.us',
  body: 'Oyla kohed',
  timestamp: 1768632168,
  hasMedia: false,
  fromMe: false,
  contact: { name: 'Angelo Kannangara', number: '94741762872' },
  chat: {
    id: '120363397205317359@g.us',
    name: '🎓 BIT- UOM  - 2025 July Intake🎓',
    isGroup: true
  }
}
post request received
Event emitted: whatsapp.message {
  from: '120363397205317359@g.us',
  to: '94704017188@c.us',
  body: 'Mn canteen eke',
  timestamp: 1768632193,
  hasMedia: false,
  fromMe: false,
  contact: { name: 'Pravinda', number: '94775717025' },
  chat: {
    id: '120363397205317359@g.us',
    name: '🎓 BIT- UOM  - 2025 July Intake🎓',
    isGroup: true
  }
}
post request received
Event emitted: whatsapp.message {
  from: '120363397205317359@g.us',
  to: '94704017188@c.us',
  body: 'Ah hre',
  timestamp: 1768632371,
  hasMedia: false,
  fromMe: false,
  contact: { name: 'Angelo Kannangara', number: '94741762872' },
  chat: {
    id: '120363397205317359@g.us',
    name: '🎓 BIT- UOM  - 2025 July Intake🎓',
    isGroup: true
  }
}
post request received
Event emitted: whatsapp.message {
  from: '94772615908@c.us',
  to: '94704017188@c.us',
  body: 'https://meet.google.com/gsk-znjm-uzm',
  timestamp: 1768632672,
  hasMedia: false,
  fromMe: false,
  contact: { name: 'Achintha Sir ausoworld', number: '94772615908' },
  chat: {
    id: '94772615908@c.us',
    name: 'Achintha Sir ausoworld',
    isGroup: false
  }
}
post request received
Event emitted: whatsapp.message {
  from: '120363397205317359@g.us',
  to: '94704017188@c.us',
  body: null,
  timestamp: 1768632804,
  hasMedia: true,
  fromMe: false,
  contact: { name: 'Jeewantha Dissanayake', number: '94717876659' },
  chat: {
    id: '120363397205317359@g.us',
    name: '🎓 BIT- UOM  - 2025 July Intake🎓',
    isGroup: true
  }
}
Disconnected socket without user info: TANeDikIiPpkdIcbAACR
User 1 disconnected.
A user connected: 5wyvqzQ6Lt9FHOYHAACT
User 1 connected via socket 5wyvqzQ6Lt9FHOYHAACT
A user connected: NM26UgAR93LkgtDeAACV
User 1 reconnected before timeout, no logout triggered.
Disconnected socket without user info: NM26UgAR93LkgtDeAACV
User 1 disconnected.
A user connected: J6vWiExHSNGbgyjIAACX
User 1 connected via socket J6vWiExHSNGbgyjIAACX
A user connected: _bUP4cGMlVZZdTmLAACZ
User 1 reconnected before timeout, no logout triggered.
User 1 disconnected.
Disconnected socket without user info: _bUP4cGMlVZZdTmLAACZ
A user connected: yJ-FqDwpQbmAGnrgAACb
User 1 connected via socket yJ-FqDwpQbmAGnrgAACb
A user connected: 9fvARNRErzs1SKN_AACd
User 1 disconnected.
Disconnected socket without user info: 9fvARNRErzs1SKN_AACd
User 1 reconnected before timeout, no logout triggered.
A user connected: zTsdGibubYStVCnDAACf
User 1 connected via socket zTsdGibubYStVCnDAACf
A user connected: ZAhfqdhtULVfLtRjAACh
User 1 reconnected before timeout, no logout triggered.
post request received
Event emitted: whatsapp.message {
  from: '94704017188@c.us',
  to: '94772615908@c.us',
  body: 'Hi',
  timestamp: 1768633034,
  hasMedia: false,
  fromMe: true,
  contact: { name: 'My', number: '94704017188' },
  chat: {
    id: '94772615908@c.us',
    name: 'Achintha Sir ausoworld',
    isGroup: false
  }
}
User 1 disconnected.
Disconnected socket without user info: ZAhfqdhtULVfLtRjAACh
A user connected: L_RhYZusvjMJq0OiAACj
User 1 connected via socket L_RhYZusvjMJq0OiAACj
A user connected: Lme5yxoNFVcPLbirAACl
User 1 disconnected.
Disconnected socket without user info: Lme5yxoNFVcPLbirAACl
A user connected: 00F7vqf-TzRAbSN8AACn
User 1 connected via socket 00F7vqf-TzRAbSN8AACn
User 1 reconnected before timeout, no logout triggered.
A user connected: TvH-J_9LEiO_zLtbAACp
User 1 reconnected before timeout, no logout triggered.
User 1 disconnected.
Disconnected socket without user info: TvH-J_9LEiO_zLtbAACp
A user connected: MvQ90TWeUfhPv3XcAACr
User 1 connected via socket MvQ90TWeUfhPv3XcAACr
A user connected: aSDyrip8KxWBz1F0AACt
User 1 reconnected before timeout, no logout triggered.
User 1 disconnected.
Disconnected socket without user info: aSDyrip8KxWBz1F0AACt
A user connected: t7xg6JjiFaB8IDraAACv
User 1 connected via socket t7xg6JjiFaB8IDraAACv
A user connected: Y92xDCW-upcZ31iGAACx
User 1 reconnected before timeout, no logout triggered.
User 1 disconnected.
Disconnected socket without user info: Y92xDCW-upcZ31iGAACx
A user connected: 6fhlK7o9EOcH7zGCAACz
User 1 connected via socket 6fhlK7o9EOcH7zGCAACz
A user connected: ERiUnpVb5v-g5FMmAAC1
User 1 reconnected before timeout, no logout triggered.
Disconnected socket without user info: ERiUnpVb5v-g5FMmAAC1
User 1 disconnected.
A user connected: lM2wYQBYvZX1g2_JAAC3
User 1 connected via socket lM2wYQBYvZX1g2_JAAC3
A user connected: bA8A23CXvsuPVI39AAC5
User 1 reconnected before timeout, no logout triggered.
User 1 disconnected.
Disconnected socket without user info: bA8A23CXvsuPVI39AAC5
A user connected: --OqQ_uRORpXQyS9AAC7
User 1 connected via socket --OqQ_uRORpXQyS9AAC7
A user connected: htMMtI8kQvZBEnKnAAC9
User 1 reconnected before timeout, no logout triggered.
Disconnected socket without user info: htMMtI8kQvZBEnKnAAC9
User 1 disconnected.
A user connected: nB9in9ojjCN5UtoqAAC_
User 1 connected via socket nB9in9ojjCN5UtoqAAC_
A user connected: ykVa0wlGXIOSbeBtAADB
User 1 reconnected before timeout, no logout triggered.
Disconnected socket without user info: ykVa0wlGXIOSbeBtAADB
User 1 disconnected.
A user connected: Wl29rq_U6JkTPdgkAADD
User 1 connected via socket Wl29rq_U6JkTPdgkAADD
A user connected: 1AUYl2yfeWtiv-OeAADF
User 1 reconnected before timeout, no logout triggered.
post request received
Event emitted: whatsapp.message {
  from: '120363397205317359@g.us',
  to: '94704017188@c.us',
  body: null,
  timestamp: 1768633576,
  hasMedia: true,
  fromMe: false,
  contact: { name: 'Tharusha', number: '94716221180' },
  chat: {
    id: '120363397205317359@g.us',
    name: '🎓 BIT- UOM  - 2025 July Intake🎓',
    isGroup: true
  }
}
User 1 disconnected.
Disconnected socket without user info: 1AUYl2yfeWtiv-OeAADF
A user connected: l2vAynuP9EK0zzglAADH
User 1 connected via socket l2vAynuP9EK0zzglAADH
A user connected: j1X-ILb3gtTyWeLiAADJ
User 1 reconnected before timeout, no logout triggered.
User 1 disconnected.
Disconnected socket without user info: j1X-ILb3gtTyWeLiAADJ
A user connected: dsqrD2ksQDfBkHakAADL
User 1 connected via socket dsqrD2ksQDfBkHakAADL
A user connected: BbhdzPodIdAZa5nWAADN
User 1 reconnected before timeout, no logout triggered.
User 1 disconnected.
Disconnected socket without user info: BbhdzPodIdAZa5nWAADN
A user connected: s_fTTNmDh-WgkOXKAADP
User 1 connected via socket s_fTTNmDh-WgkOXKAADP
A user connected: 41Tdp7RXkPl7MadTAADR
User 1 reconnected before timeout, no logout triggered.
post request received
Event emitted: whatsapp.message {
  from: '120363397205317359@g.us',
  to: '94704017188@c.us',
  body: null,
  timestamp: 1768635147,
  hasMedia: true,
  fromMe: false,
  contact: { name: 'Eran', number: '94779014325' },
  chat: {
    id: '120363397205317359@g.us',
    name: '🎓 BIT- UOM  - 2025 July Intake🎓',
    isGroup: true
  }
}
User 1 disconnected.
Disconnected socket without user info: 41Tdp7RXkPl7MadTAADR
A user connected: ULWaCZB84N8hvzWwAADT
User 1 connected via socket ULWaCZB84N8hvzWwAADT
A user connected: ySWKI3fKL2gCtSydAADV
User 1 reconnected before timeout, no logout triggered.
User 1 disconnected.
Disconnected socket without user info: ySWKI3fKL2gCtSydAADV
A user connected: 7xH3DArdiDXNobJcAADX
User 1 connected via socket 7xH3DArdiDXNobJcAADX
A user connected: uMl804rzECrbAC1MAADZ
User 1 reconnected before timeout, no logout triggered.
post request received
Event emitted: whatsapp.message {
  from: '120363397205317359@g.us',
  to: '94704017188@c.us',
  body: 'Kastiya kohedoo',
  timestamp: 1768635264,
  hasMedia: false,
  fromMe: false,
  contact: { name: 'Angelo Kannangara', number: '94741762872' },
  chat: {
    id: '120363397205317359@g.us',
    name: '🎓 BIT- UOM  - 2025 July Intake🎓',
    isGroup: true
  }
}
post request received
Event emitted: whatsapp.message {
  from: '120363397205317359@g.us',
  to: '94704017188@c.us',
  body: null,
  timestamp: 1768635265,
  hasMedia: true,
  fromMe: false,
  contact: { name: 'Angelo Kannangara', number: '94741762872' },
  chat: {
    id: '120363397205317359@g.us',
    name: '🎓 BIT- UOM  - 2025 July Intake🎓',
    isGroup: true
  }
}
post request received
Event emitted: whatsapp.message {
  from: '120363423694237368@g.us',
  to: '94704017188@c.us',
  body: '🚨🚨🚨🚨🚨🚨🚨🚨🚨🚨 \n' +
    'අද පැවැත්වෙන IT & AI Bootcamp එකෙහි පළමු දවස ( අද ) සම්පූර්ණයෙන්ම නොමිලේ පැවැත්වෙන අතර මාස දෙකක් පවතින මෙම සහතිකපත් IT & AI පාඨමාලාවට සහභාගී වී මුල සිට ඉගන ගනිමින් ඒ තුලින් අදායමක් ලබා ගන්න තැනට යන තෙක්ම ඉගන ගැනීමට මෙහිදී ඔබට හැක්කියාව ලැබේ. මේ සදහා පළමු දින නොමිලේ සහභාගී වීමට පහත Form එක පුවරන්න. Zoom ආසන සීමිත නිසා මෙය පුරවන අයට පමනක් අවස්තාව ලැබෙන බව කරුණෑවෙන් සළකන්න.  රාත්‍රි 8ට හරියටම පළමු දවස ආරම්භ වන අතර එක ඔබට 7:30ට Zoom Link එක මෙම සමූහය තුළ Update වේ.\n' +
    '\n' +
    'https://forms.gle/i75Qdsa9X6k8QpKb7',
  timestamp: 1768635336,
  hasMedia: false,
  fromMe: false,
  contact: { name: 'Mawa', number: '94718918830' },
  chat: {
    id: '120363423694237368@g.us',
    name: 'Learn & Earn in 90 Days – Free Webinar ( Year End )',
    isGroup: true
  }
}
post request received
Event emitted: whatsapp.message {
  from: '120363397205317359@g.us',
  to: '94704017188@c.us',
  body: null,
  timestamp: 1768635508,
  hasMedia: true,
  fromMe: false,
  contact: { name: 'Pasindu Kanchana', number: '94769913382' },
  chat: {
    id: '120363397205317359@g.us',
    name: '🎓 BIT- UOM  - 2025 July Intake🎓',
    isGroup: true
  }
}
post request received
Event emitted: whatsapp.message {
  from: '120363397205317359@g.us',
  to: '94704017188@c.us',
  body: null,
  timestamp: 1768635515,
  hasMedia: true,
  fromMe: false,
  contact: { name: 'Pasindu Kanchana', number: '94769913382' },
  chat: {
    id: '120363397205317359@g.us',
    name: '🎓 BIT- UOM  - 2025 July Intake🎓',
    isGroup: true
  }
}
post request received
Event emitted: whatsapp.message {
  from: '120363397205317359@g.us',
  to: '94704017188@c.us',
  body: 'Lab 8',
  timestamp: 1768635522,
  hasMedia: false,
  fromMe: false,
  contact: { name: 'Pasindu Kanchana', number: '94769913382' },
  chat: {
    id: '120363397205317359@g.us',
    name: '🎓 BIT- UOM  - 2025 July Intake🎓',
    isGroup: true
  }
}
User 1 disconnected.
Disconnected socket without user info: uMl804rzECrbAC1MAADZ
User 1 reconnected before timeout, no logout triggered.
User 1 disconnected.
User 1 logout recorded in Laravel
A user connected: BdjRstH3Rstq7oL5AADb
User 1 connected via socket BdjRstH3Rstq7oL5AADb
A user connected: K0Wp0kePwm_b3vMMAADd
User 1 disconnected.
Disconnected socket without user info: K0Wp0kePwm_b3vMMAADd
A user connected: vlZE9FMOfkldoJWhAADf
User 1 connected via socket vlZE9FMOfkldoJWhAADf
A user connected: ors0h0AXGLePXkqMAADh
User 1 reconnected before timeout, no logout triggered.
User 1 disconnected.
Disconnected socket without user info: ors0h0AXGLePXkqMAADh
A user connected: WssumZhYvJ_LP35RAADj
User 1 connected via socket WssumZhYvJ_LP35RAADj
A user connected: vz-VEILLvO28oEiGAADl
User 1 reconnected before timeout, no logout triggered.
Disconnected socket without user info: vz-VEILLvO28oEiGAADl
User 1 disconnected.
User 1 logout recorded in Laravel
A user connected: Ux4-_PzDo67HToTYAADn
User 1 connected via socket Ux4-_PzDo67HToTYAADn
A user connected: qbz9HzMVg1XsTmFRAADp
User 1 disconnected.
Disconnected socket without user info: qbz9HzMVg1XsTmFRAADp
A user connected: bWEm6dAVRfZk5J6-AADr
User 1 connected via socket bWEm6dAVRfZk5J6-AADr
A user connected: 7EEpqnT_eM-e6T6nAADt
User 1 reconnected before timeout, no logout triggered.
User 1 disconnected.
Disconnected socket without user info: 7EEpqnT_eM-e6T6nAADt
A user connected: dlDJIbKrR5K-j4L7AADv
User 1 connected via socket dlDJIbKrR5K-j4L7AADv
A user connected: FLIce8b_ek5AviosAADx
User 1 reconnected before timeout, no logout triggered.
Disconnected socket without user info: FLIce8b_ek5AviosAADx
User 1 disconnected.
User 1 logout recorded in Laravel
A user connected: GdkqQv7FhO-p8b9HAADz
User 1 connected via socket GdkqQv7FhO-p8b9HAADz
A user connected: sS0HK8nb4O99QzcbAAD1
User 1 disconnected.
Disconnected socket without user info: sS0HK8nb4O99QzcbAAD1
A user connected: saVxmiGM1IIzRWHVAAD3
User 1 connected via socket saVxmiGM1IIzRWHVAAD3
A user connected: kdpwNV-sssEowynaAAD5
User 1 reconnected before timeout, no logout triggered.
User 1 disconnected.
Disconnected socket without user info: kdpwNV-sssEowynaAAD5
A user connected: pAgK2b9qw23FQRnlAAD7
User 1 connected via socket pAgK2b9qw23FQRnlAAD7
A user connected: p6sNf82qGcMlVB2fAAD9
User 1 reconnected before timeout, no logout triggered.
post request received
Event emitted: whatsapp.message {
  from: '120363214770424172@g.us',
  to: '94704017188@c.us',
  body: 'Cuban Watch with Necklace And Bracelet 💎\n' +
    'Available now 🥳\n' +
    'Order now 🥳\n' +
    'Rs. 5,500/- 🎁\n' +
    'Free delivery 🚚\n' +
    'Cash on delivery 📦 \n' +
    '\n' +
    'For Order\n' +
    'Name\n' +
    'Address \n' +
    'Phone number',
  timestamp: 1768635987,
  hasMedia: true,
  fromMe: false,
  contact: { name: 'Dahami Peiris', number: '94702412149' },
  chat: {
    id: '120363214770424172@g.us',
    name: '💎 DN Accessories online store 🏪',
    isGroup: true
  }
}
post request received
Event emitted: whatsapp.message {
  from: 'status@broadcast',
  to: '94704017188@c.us',
  body: null,
  timestamp: 1768636125,
  hasMedia: true,
  fromMe: false,
  contact: { name: 'HNDIT Samod Aiya', number: '94702019784' },
  chat: { id: 'status@broadcast', name: null, isGroup: true }
}
User 1 disconnected.
Disconnected socket without user info: p6sNf82qGcMlVB2fAAD9
A user connected: Fbg8_fMWT4yCnxadAAD_
User 1 connected via socket Fbg8_fMWT4yCnxadAAD_
A user connected: GLkluX6XAT8tZp10AAEB
User 1 reconnected before timeout, no logout triggered.
User 1 disconnected.
Disconnected socket without user info: GLkluX6XAT8tZp10AAEB
User 1 logout recorded in Laravel
post request received
Event emitted: whatsapp.message {
  from: '180526736519272@lid',
  to: '256834917126252:45@lid',
  body: null,
  timestamp: 1768638620,
  hasMedia: false,
  fromMe: false,
  contact: { name: 'Achintha Sir Ausoworld', number: '94716857582' },
  chat: {
    id: '180526736519272@lid',
    name: 'Achintha Sir Ausoworld',
    isGroup: false
  }
}
A user connected: U8cEGzsAt32UiIYhAAED
A user connected: nf29gRpLRSFTvZCpAAEF
User 1 connected via socket nf29gRpLRSFTvZCpAAEF
Disconnected socket without user info: U8cEGzsAt32UiIYhAAED
User 1 disconnected.
User 1 logout recorded in Laravel
A user connected: L-73YYh9jmydyMT0AAEH
User 1 connected via socket L-73YYh9jmydyMT0AAEH
A user connected: ZZaA62Z5ENcP3XNzAAEJ
User 1 disconnected.
Disconnected socket without user info: ZZaA62Z5ENcP3XNzAAEJ
A user connected: bJryb36sZ-c_ydvnAAEL
User 1 connected via socket bJryb36sZ-c_ydvnAAEL
A user connected: wYz6uhmMQVqgfQ4UAAEN
User 1 reconnected before timeout, no logout triggered.
User 1 disconnected.
Disconnected socket without user info: wYz6uhmMQVqgfQ4UAAEN
A user connected: t4-4592tRrFvZaSEAAEP
User 1 connected via socket t4-4592tRrFvZaSEAAEP
A user connected: gko5k29kX3__4i8WAAER
User 1 reconnected before timeout, no logout triggered.
post request received
Event emitted: whatsapp.message {
  from: '120363397205317359@g.us',
  to: '94704017188@c.us',
  body: null,
  timestamp: 1768638978,
  hasMedia: true,
  fromMe: false,
  contact: { name: 'Angelo Kannangara', number: '94741762872' },
  chat: {
    id: '120363397205317359@g.us',
    name: '🎓 BIT- UOM  - 2025 July Intake🎓',
    isGroup: true
  }
}
post request received
Event emitted: whatsapp.message {
  from: '120363397205317359@g.us',
  to: '94704017188@c.us',
  body: 'Api ynoo',
  timestamp: 1768639017,
  hasMedia: false,
  fromMe: false,
  contact: { name: 'Pasindu Kanchana', number: '94769913382' },
  chat: {
    id: '120363397205317359@g.us',
    name: '🎓 BIT- UOM  - 2025 July Intake🎓',
    isGroup: true
  }
}
post request received
Event emitted: whatsapp.message {
  from: '120363179267402138@g.us',
  to: '94704017188@c.us',
  body: '🎓 Are you a university student?\n' +
    'Then this is for you! 🚀\n' +
    'Get LinkedIn Premium + Microsoft 365 Premium FREE for 12 months ✅✨\n' +
    '\n' +
    '✅ How to claim it (Step-by-step):\n' +
    '1. Create / Sign in to your personal Microsoft account\n' +
    '2. Choose the Microsoft 365 Student plan\n' +
    '3. Verify your student status using your university email\n' +
    '4. Activate your Microsoft 365 subscription\n' +
    '5. After activation, you’ll get an option to activate LinkedIn Premium 🎯\n' +
    '\n' +
    '🔗 Get it here: https://lnkd.in/gPxY9NJr\n' +
    '\n' +
    '📌 Don’t miss this opportunity to learn, connect, and grow.\n' +
    '\n' +
    '#Microsoft365 #LinkedInPremium #Students #FreeForStudents #TechEducation #CareerBoost #MicrosoftStudentAmbassador',
  timestamp: 1768639577,
  hasMedia: true,
  fromMe: false,
  contact: { name: '🤍JUMAIL.WM🤍', number: '94760527243' },
  chat: {
    id: '120363179267402138@g.us',
    name: 'HNDIT ISLAND WIDE 2021',
    isGroup: true
  }
}
post request received
Event emitted: whatsapp.message {
  from: '120363397205317359@g.us',
  to: '94704017188@c.us',
  body: 'Lost..',
  timestamp: 1768639649,
  hasMedia: true,
  fromMe: false,
  contact: { name: 'نور سلاني', number: '94773050115' },
  chat: {
    id: '120363397205317359@g.us',
    name: '🎓 BIT- UOM  - 2025 July Intake🎓',
    isGroup: true
  }
}
User 1 disconnected.
Disconnected socket without user info: gko5k29kX3__4i8WAAER
A user connected: MA2OIL7LA19DFOn8AAET
User 1 connected via socket MA2OIL7LA19DFOn8AAET
A user connected: VKpNyTmqDYJ40_UFAAEV
User 1 reconnected before timeout, no logout triggered.
Disconnected socket without user info: VKpNyTmqDYJ40_UFAAEV
User 1 disconnected.
A user connected: 7qCEufi3vcgFr6EcAAEX
User 1 connected via socket 7qCEufi3vcgFr6EcAAEX
A user connected: v0owUXp2kmWPA5y9AAEZ
User 1 reconnected before timeout, no logout triggered.
User 1 disconnected.
Disconnected socket without user info: v0owUXp2kmWPA5y9AAEZ
Failed to notify Laravel: Request failed with status code 500
A user connected: VBaGgrQOcnkrHxs-AAEb
User 1 connected via socket VBaGgrQOcnkrHxs-AAEb
A user connected: dY2Uomah1lY0pFrFAAEd
post request received
Event emitted: whatsapp.message {
  from: 'status@broadcast',
  to: '94704017188@c.us',
  body: 'The Groom’s Choice 🤵\n' +
    '\n' +
    '✨ Groom’s Men’s Blazers & Trousers rent\n' +
    '\n' +
    '🔹 Groom’s Wear\n' +
    '🔹 Party Wear\n' +
    '🔹 Office Wear\n' +
    '🔹 Casual Wear\n' +
    '\n' +
    'For more Details \n' +
    '\n' +
    '📞075 202 34 26\n' +
    '\n' +
    '📞076 360 36 11\n' +
    '\n' +
    ' #wedding #blazer #trousers #wariyapola #grooming',
  timestamp: 1768640966,
  hasMedia: true,
  fromMe: false,
  contact: { name: 'HNDIT Lahiru', number: '94786811063' },
  chat: { id: 'status@broadcast', name: null, isGroup: true }
}
User 1 disconnected.
Disconnected socket without user info: dY2Uomah1lY0pFrFAAEd
User 1 logout recorded in Laravel
A user connected: ljt5-0BN02nMyCi1AAEf
User 1 connected via socket ljt5-0BN02nMyCi1AAEf
A user connected: d1dRNBUwVKnKbqA3AAEh
Disconnected socket without user info: d1dRNBUwVKnKbqA3AAEh
User 1 disconnected.
A user connected: EmDcLZ89Kyt9LDBwAAEj
User 1 connected via socket EmDcLZ89Kyt9LDBwAAEj
A user connected: KD78cbKDrgCNUV8kAAEl
User 1 reconnected before timeout, no logout triggered.
Disconnected socket without user info: KD78cbKDrgCNUV8kAAEl
User 1 disconnected.
A user connected: GhIkEVoHzzDHXhYpAAEn
User 1 connected via socket GhIkEVoHzzDHXhYpAAEn
A user connected: YNjxr-g5BEscAXdqAAEp
User 1 reconnected before timeout, no logout triggered.
post request received
Event emitted: whatsapp.message {
  from: '120363397205317359@g.us',
  to: '94704017188@c.us',
  body: 'I saw him  i think he dicuss about the exam at canteen',
  timestamp: 1768641366,
  hasMedia: false,
  fromMe: false,
  contact: { name: 'Azzu', number: '94783571765' },
  chat: {
    id: '120363397205317359@g.us',
    name: '🎓 BIT- UOM  - 2025 July Intake🎓',
    isGroup: true
  }
}
User 1 disconnected.
Disconnected socket without user info: YNjxr-g5BEscAXdqAAEp
A user connected: 7mMmJsjnhh0XovzWAAEr
User 1 connected via socket 7mMmJsjnhh0XovzWAAEr
A user connected: 9TahWAMuX6j1evoRAAEt
User 1 reconnected before timeout, no logout triggered.
post request received
Event emitted: whatsapp.message {
  from: '94704017188@c.us',
  to: '94772615908@c.us',
  body: 'https://meet.google.com/kyh-isrb-quj',
  timestamp: 1768641390,
  hasMedia: false,
  fromMe: true,
  contact: { name: 'My', number: '94704017188' },
  chat: {
    id: '94772615908@c.us',
    name: 'Achintha Sir ausoworld',
    isGroup: false
  }
}
User 1 disconnected.
Disconnected socket without user info: 9TahWAMuX6j1evoRAAEt
A user connected: sOvmlcCgnK_brydMAAEv
User 1 connected via socket sOvmlcCgnK_brydMAAEv
A user connected: EcqDUZ5eLBQZlrDOAAEx
User 1 reconnected before timeout, no logout triggered.
post request received
Event emitted: whatsapp.message {
  from: '120363397205317359@g.us',
  to: '94704017188@c.us',
  body: null,
  timestamp: 1768641417,
  hasMedia: true,
  fromMe: false,
  contact: { name: 'Dulina', number: '94724878282' },
  chat: {
    id: '120363397205317359@g.us',
    name: '🎓 BIT- UOM  - 2025 July Intake🎓',
    isGroup: true
  }
}
post request received
Event emitted: whatsapp.message {
  from: '120363397205317359@g.us',
  to: '94704017188@c.us',
  body: null,
  timestamp: 1768641553,
  hasMedia: true,
  fromMe: false,
  contact: { name: 'Mr.X😈', number: '94750584011' },
  chat: {
    id: '120363397205317359@g.us',
    name: '🎓 BIT- UOM  - 2025 July Intake🎓',
    isGroup: true
  }
}
post request received
Event emitted: whatsapp.message {
  from: '94772615908@c.us',
  to: '94704017188@c.us',
  body: 'Good afternoon\n' +
    'Test account credentials \n' +
    '\n' +
    'User ID : 9420233378\n' +
    'Password : 3745\n' +
    '\n' +
    'textit.biz > my account',
  timestamp: 1768641622,
  hasMedia: false,
  fromMe: false,
  contact: { name: 'Achintha Sir ausoworld', number: '94772615908' },
  chat: {
    id: '94772615908@c.us',
    name: 'Achintha Sir ausoworld',
    isGroup: false
  }
}
post request received
Event emitted: whatsapp.message {
  from: '120363397205317359@g.us',
  to: '94704017188@c.us',
  body: null,
  timestamp: 1768641702,
  hasMedia: true,
  fromMe: false,
  contact: { name: '..', number: '94761329941' },
  chat: {
    id: '120363397205317359@g.us',
    name: '🎓 BIT- UOM  - 2025 July Intake🎓',
    isGroup: true
  }
}
User 1 disconnected.
Disconnected socket without user info: EcqDUZ5eLBQZlrDOAAEx
A user connected: G5TUWpw2NTnX0mDIAAEz
User 1 connected via socket G5TUWpw2NTnX0mDIAAEz
A user connected: jJBIORAyTaOfmre4AAE1
User 1 reconnected before timeout, no logout triggered.
Disconnected socket without user info: jJBIORAyTaOfmre4AAE1
User 1 disconnected.
A user connected: AcTv-ylnpgLNNV7tAAE3
User 1 connected via socket AcTv-ylnpgLNNV7tAAE3
A user connected: yeXam_aVhjriykccAAE5
User 1 reconnected before timeout, no logout triggered.
User 1 disconnected.
Disconnected socket without user info: yeXam_aVhjriykccAAE5
A user connected: woPivwYtXCh_oXbMAAE7
User 1 connected via socket woPivwYtXCh_oXbMAAE7
A user connected: UnbO9IzbSCsiv2liAAE9
User 1 reconnected before timeout, no logout triggered.
User 1 disconnected.
Disconnected socket without user info: UnbO9IzbSCsiv2liAAE9
A user connected: l_Rgj7u58MVkPs7rAAE_
User 1 connected via socket l_Rgj7u58MVkPs7rAAE_
A user connected: bX5rWxPkEMAa60x3AAFB
User 1 reconnected before timeout, no logout triggered.
post request received
Event emitted: whatsapp.message {
  from: '120363397205317359@g.us',
  to: '94704017188@c.us',
  body: 'Adow iwrai nedaa kattiya',
  timestamp: 1768643042,
  hasMedia: false,
  fromMe: false,
  contact: { name: 'Mithila', number: '94716651593' },
  chat: {
    id: '120363397205317359@g.us',
    name: '🎓 BIT- UOM  - 2025 July Intake🎓',
    isGroup: true
  }
}
Disconnected socket without user info: bX5rWxPkEMAa60x3AAFB
User 1 disconnected.
A user connected: hl-zTXiPnPoGVZ3eAAFD
User 1 connected via socket hl-zTXiPnPoGVZ3eAAFD
A user connected: FYFvZ6BRLXUE_VfXAAFF
User 1 reconnected before timeout, no logout triggered.
Disconnected socket without user info: FYFvZ6BRLXUE_VfXAAFF
User 1 disconnected.
A user connected: ktJQ_vQCpUROX17jAAFH
User 1 connected via socket ktJQ_vQCpUROX17jAAFH
A user connected: rFCdhedYWWYJ24BxAAFJ
User 1 reconnected before timeout, no logout triggered.
post request received
Event emitted: whatsapp.message {
  from: '120363397205317359@g.us',
  to: '94704017188@c.us',
  body: 'Oo',
  timestamp: 1768643214,
  hasMedia: false,
  fromMe: false,
  contact: { name: 'Angelo Kannangara', number: '94741762872' },
  chat: {
    id: '120363397205317359@g.us',
    name: '🎓 BIT- UOM  - 2025 July Intake🎓',
    isGroup: true
  }
}
post request received
Event emitted: whatsapp.message {
  from: '120363397205317359@g.us',
  to: '94704017188@c.us',
  body: null,
  timestamp: 1768643217,
  hasMedia: true,
  fromMe: false,
  contact: { name: 'Angelo Kannangara', number: '94741762872' },
  chat: {
    id: '120363397205317359@g.us',
    name: '🎓 BIT- UOM  - 2025 July Intake🎓',
    isGroup: true
  }
}
post request received
Event emitted: whatsapp.message {
  from: '120363397205317359@g.us',
  to: '94704017188@c.us',
  body: 'Elaaaa',
  timestamp: 1768643235,
  hasMedia: false,
  fromMe: false,
  contact: { name: 'Mithila', number: '94716651593' },
  chat: {
    id: '120363397205317359@g.us',
    name: '🎓 BIT- UOM  - 2025 July Intake🎓',
    isGroup: true
  }
}
post request received
Event emitted: whatsapp.message {
  from: '120363397205317359@g.us',
  to: '94704017188@c.us',
  body: null,
  timestamp: 1768643240,
  hasMedia: true,
  fromMe: false,
  contact: { name: 'Mithila', number: '94716651593' },
  chat: {
    id: '120363397205317359@g.us',
    name: '🎓 BIT- UOM  - 2025 July Intake🎓',
    isGroup: true
  }
}
post request received
Event emitted: whatsapp.message {
  from: '120363397205317359@g.us',
  to: '94704017188@c.us',
  body: 'Ada examuth thibbd',
  timestamp: 1768643532,
  hasMedia: false,
  fromMe: false,
  contact: { name: '♕ Maleesha ♕', number: '94713765633' },
  chat: {
    id: '120363397205317359@g.us',
    name: '🎓 BIT- UOM  - 2025 July Intake🎓',
    isGroup: true
  }
}
post request received
Event emitted: whatsapp.message {
  from: '120363397205317359@g.us',
  to: '94704017188@c.us',
  body: null,
  timestamp: 1768643534,
  hasMedia: true,
  fromMe: false,
  contact: { name: '♕ Maleesha ♕', number: '94713765633' },
  chat: {
    id: '120363397205317359@g.us',
    name: '🎓 BIT- UOM  - 2025 July Intake🎓',
    isGroup: true
  }
}
post request received
Event emitted: whatsapp.message {
  from: '120363397205317359@g.us',
  to: '94704017188@c.us',
  body: 'Tnx bro',
  timestamp: 1768643651,
  hasMedia: false,
  fromMe: false,
  contact: { name: 'Mr.X😈', number: '94750584011' },
  chat: {
    id: '120363397205317359@g.us',
    name: '🎓 BIT- UOM  - 2025 July Intake🎓',
    isGroup: true
  }
}
post request received
Event emitted: whatsapp.message {
  from: '120363397205317359@g.us',
  to: '94704017188@c.us',
  body: null,
  timestamp: 1768643652,
  hasMedia: true,
  fromMe: false,
  contact: { name: 'Mr.X😈', number: '94750584011' },
  chat: {
    id: '120363397205317359@g.us',
    name: '🎓 BIT- UOM  - 2025 July Intake🎓',
    isGroup: true
  }
}
post request received
Event emitted: whatsapp.message {
  from: '120363397205317359@g.us',
  to: '94704017188@c.us',
  body: null,
  timestamp: 1768643742,
  hasMedia: true,
  fromMe: false,
  contact: { name: 'نور سلاني', number: '94773050115' },
  chat: {
    id: '120363397205317359@g.us',
    name: '🎓 BIT- UOM  - 2025 July Intake🎓',
    isGroup: true
  }
}
User 1 disconnected.
Disconnected socket without user info: rFCdhedYWWYJ24BxAAFJ
User 1 logout recorded in Laravel
A user connected: brjfDsi5r0EJVQivAAFL
User 1 connected via socket brjfDsi5r0EJVQivAAFL
A user connected: 59GqnL3yz4FtH8_BAAFN
User 1 disconnected.
Disconnected socket without user info: 59GqnL3yz4FtH8_BAAFN
User 1 logout recorded in Laravel
A user connected: pUddutfBx9WhmYsGAAFP
User 1 connected via socket pUddutfBx9WhmYsGAAFP
A user connected: bCV3qLBpl36AtyJMAAFR
User 1 disconnected.
Disconnected socket without user info: bCV3qLBpl36AtyJMAAFR
A user connected: 0dQsI-GsgXKB09PSAAFT
User 1 connected via socket 0dQsI-GsgXKB09PSAAFT
A user connected: QmC-hLZcJmfybyy8AAFV
User 1 reconnected before timeout, no logout triggered.
Disconnected socket without user info: QmC-hLZcJmfybyy8AAFV
User 1 disconnected.
A user connected: -efLY3Hc4JqzIrYZAAFX
User 1 connected via socket -efLY3Hc4JqzIrYZAAFX
A user connected: mOcTmtqc414p1E7YAAFZ
User 1 reconnected before timeout, no logout triggered.
post request received
Event emitted: whatsapp.message {
  from: '94704017188@c.us',
  to: '94704017188@c.us',
  body: 'Tesy msg',
  timestamp: 1768644109,
  hasMedia: false,
  fromMe: true,
  contact: { name: 'My', number: '94704017188' },
  chat: { id: '94704017188@c.us', name: 'My', isGroup: false }
}
User 1 disconnected.
Disconnected socket without user info: mOcTmtqc414p1E7YAAFZ
A user connected: V45W5IF26fEe2cKHAAFb
User 1 connected via socket V45W5IF26fEe2cKHAAFb
A user connected: MwagSoRG-GDGk_yGAAFd
User 1 reconnected before timeout, no logout triggered.
User 1 disconnected.
Disconnected socket without user info: MwagSoRG-GDGk_yGAAFd
A user connected: NpInAwI3IIVXZ86SAAFf
User 1 connected via socket NpInAwI3IIVXZ86SAAFf
A user connected: sRXWv3cWWCE8F4FzAAFh
User 1 reconnected before timeout, no logout triggered.
User 1 disconnected.
Disconnected socket without user info: sRXWv3cWWCE8F4FzAAFh
A user connected: DaMBRkCtcqMIqJ1WAAFj
User 1 connected via socket DaMBRkCtcqMIqJ1WAAFj
A user connected: xWLD38ffcWzjpDLvAAFl
post request received
Event emitted: whatsapp.message {
  from: 'status@broadcast',
  to: '94704017188@c.us',
  body: '🩵',
  timestamp: 1768644152,
  hasMedia: true,
  fromMe: false,
  contact: { name: 'HNDIT Dulmini', number: '94742975739' },
  chat: { id: 'status@broadcast', name: null, isGroup: true }
}
User 1 reconnected before timeout, no logout triggered.
post request received
Event emitted: whatsapp.message {
  from: 'status@broadcast',
  to: '94704017188@c.us',
  body: 'කිසිදු දෙයක් කිසිදු විටෙක් එපා වූයේ නැත... \nඑපා කරවන පිරිසක් සිටියා පමණි.',
  timestamp: 1768644256,
  hasMedia: false,
  fromMe: false,
  contact: { name: 'HND Kaushalya Akka Repee', number: '94714182581' },
  chat: { id: 'status@broadcast', name: null, isGroup: true }
}
User 1 disconnected.
Disconnected socket without user info: xWLD38ffcWzjpDLvAAFl
A user connected: ty9ARhwxYsPFnNmoAAFn
User 1 connected via socket ty9ARhwxYsPFnNmoAAFn
A user connected: crJ3QFgyyEmivT8RAAFp
User 1 disconnected.
Disconnected socket without user info: crJ3QFgyyEmivT8RAAFp
A user connected: 9O8uKccdD07EJD30AAFr
User 1 connected via socket 9O8uKccdD07EJD30AAFr
A user connected: bpfXc4qYtNIywQIpAAFt
User 1 reconnected before timeout, no logout triggered.
User 1 reconnected before timeout, no logout triggered.
post request received
Event emitted: whatsapp.message {
  from: '94704017188@c.us',
  to: '94704017188@c.us',
  body: 'Hi',
  timestamp: 1768644416,
  hasMedia: false,
  fromMe: true,
  contact: { name: 'My', number: '94704017188' },
  chat: { id: '94704017188@c.us', name: 'My', isGroup: false }
}
post request received
Event emitted: whatsapp.message {
  from: '94772615908@c.us',
  to: '94704017188@c.us',
  body: '@u50Callhub',
  timestamp: 1768645050,
  hasMedia: false,
  fromMe: false,
  contact: { name: 'Achintha Sir ausoworld', number: '94772615908' },
  chat: {
    id: '94772615908@c.us',
    name: 'Achintha Sir ausoworld',
    isGroup: false
  }
}
post request received
Event emitted: whatsapp.message {
  from: '94772615908@c.us',
  to: '94704017188@c.us',
  body: 'ausocallhub@gmail.com',
  timestamp: 1768645247,
  hasMedia: false,
  fromMe: false,
  contact: { name: 'Achintha Sir ausoworld', number: '94772615908' },
  chat: {
    id: '94772615908@c.us',
    name: 'Achintha Sir ausoworld',
    isGroup: false
  }
}
post request received
Event emitted: whatsapp.message {
  from: 'status@broadcast',
  to: '94704017188@c.us',
  body: 'සුපිරිම නන්ස්ටොප් | 2024 New Sinhala Live Show Trending Nonstop | Sinhala New Songs Collection\n' +
    'https://youtu.be/dAHmxo5rxJ4',
  timestamp: 1768645597,
  hasMedia: false,
  fromMe: false,
  contact: { name: 'Tube', number: '94764950302' },
  chat: { id: 'status@broadcast', name: null, isGroup: true }
}
post request received
Event emitted: whatsapp.message {
  from: 'status@broadcast',
  to: '94704017188@c.us',
  body: null,
  timestamp: 1768645740,
  hasMedia: true,
  fromMe: false,
  contact: { name: 'Loku Malli', number: '94760846766' },
  chat: { id: 'status@broadcast', name: null, isGroup: true }
}
post request received
Event emitted: whatsapp.message {
  from: '94772615908@c.us',
  to: '94704017188@c.us',
  body: 'jmoq kbvl ceua mzpe',
  timestamp: 1768645793,
  hasMedia: false,
  fromMe: false,
  contact: { name: 'Achintha Sir ausoworld', number: '94772615908' },
  chat: {
    id: '94772615908@c.us',
    name: 'Achintha Sir ausoworld',
    isGroup: false
  }
}
post request received
Event emitted: whatsapp.message {
  from: '94772615908@c.us',
  to: '94704017188@c.us',
  body: "callhub'",
  timestamp: 1768645806,
  hasMedia: false,
  fromMe: false,
  contact: { name: 'Achintha Sir ausoworld', number: '94772615908' },
  chat: {
    id: '94772615908@c.us',
    name: 'Achintha Sir ausoworld',
    isGroup: false
  }
}
post request received
Event emitted: whatsapp.message {
  from: '94772615908@c.us',
  to: '94704017188@c.us',
  body: 'CallHub',
  timestamp: 1768645818,
  hasMedia: false,
  fromMe: false,
  contact: { name: 'Achintha Sir ausoworld', number: '94772615908' },
  chat: {
    id: '94772615908@c.us',
    name: 'Achintha Sir ausoworld',
    isGroup: false
  }
}
User 1 disconnected.
Disconnected socket without user info: bpfXc4qYtNIywQIpAAFt
A user connected: D3O-PUWBBMVf8CySAAFv
User 1 connected via socket D3O-PUWBBMVf8CySAAFv
A user connected: xpll4e8bdbk9WqXjAAFx
User 1 reconnected before timeout, no logout triggered.
post request received
Event emitted: whatsapp.message {
  from: '120363397205317359@g.us',
  to: '94704017188@c.us',
  body: 'දැන් ඉතින් හෙට ලැහැස්ති වෙන්න එපැයි',
  timestamp: 1768646784,
  hasMedia: false,
  fromMe: false,
  contact: { name: '☸️❣️📝Rusira Indrachapa 📈🥇🏆🇱🇰', number: '94761531070' },
  chat: {
    id: '120363397205317359@g.us',
    name: '🎓 BIT- UOM  - 2025 July Intake🎓',
    isGroup: true
  }
}
post request received
Event emitted: whatsapp.message {
  from: '120363397205317359@g.us',
  to: '94704017188@c.us',
  body: 'Oyawa withari ada set une nathe',
  timestamp: 1768646883,
  hasMedia: false,
  fromMe: false,
  contact: { name: 'Buddhika Madusanka', number: '94779686662' },
  chat: {
    id: '120363397205317359@g.us',
    name: '🎓 BIT- UOM  - 2025 July Intake🎓',
    isGroup: true
  }
}
post request received
Event emitted: whatsapp.message {
  from: '120363397205317359@g.us',
  to: '94704017188@c.us',
  body: 'Khda htye',
  timestamp: 1768646908,
  hasMedia: false,
  fromMe: false,
  contact: { name: 'Buddhika Madusanka', number: '94779686662' },
  chat: {
    id: '120363397205317359@g.us',
    name: '🎓 BIT- UOM  - 2025 July Intake🎓',
    isGroup: true
  }
}
post request received
Event emitted: whatsapp.message {
  from: '120363397205317359@g.us',
  to: '94704017188@c.us',
  body: 'CSE අලුත් එකේ PITTABNIYA ගාව',
  timestamp: 1768646949,
  hasMedia: false,
  fromMe: false,
  contact: { name: '☸️❣️📝Rusira Indrachapa 📈🥇🏆🇱🇰', number: '94761531070' },
  chat: {
    id: '120363397205317359@g.us',
    name: '🎓 BIT- UOM  - 2025 July Intake🎓',
    isGroup: true
  }
}
post request received
Event emitted: whatsapp.message {
  from: '120363397205317359@g.us',
  to: '94704017188@c.us',
  body: 'ඔයා',
  timestamp: 1768646952,
  hasMedia: false,
  fromMe: false,
  contact: { name: '☸️❣️📝Rusira Indrachapa 📈🥇🏆🇱🇰', number: '94761531070' },
  chat: {
    id: '120363397205317359@g.us',
    name: '🎓 BIT- UOM  - 2025 July Intake🎓',
    isGroup: true
  }
}
post request received
Event emitted: whatsapp.message {
  from: '120363397205317359@g.us',
  to: '94704017188@c.us',
  body: 'හෙට වත් set වෙමු',
  timestamp: 1768646958,
  hasMedia: false,
  fromMe: false,
  contact: { name: '☸️❣️📝Rusira Indrachapa 📈🥇🏆🇱🇰', number: '94761531070' },
  chat: {
    id: '120363397205317359@g.us',
    name: '🎓 BIT- UOM  - 2025 July Intake🎓',
    isGroup: true
  }
}
post request received
Event emitted: whatsapp.message {
  from: '120363397205317359@g.us',
  to: '94704017188@c.us',
  body: 'Canteen klinma tyna building eke',
  timestamp: 1768646991,
  hasMedia: false,
  fromMe: false,
  contact: { name: 'Buddhika Madusanka', number: '94779686662' },
  chat: {
    id: '120363397205317359@g.us',
    name: '🎓 BIT- UOM  - 2025 July Intake🎓',
    isGroup: true
  }
}
post request received
Event emitted: whatsapp.message {
  from: '120363397205317359@g.us',
  to: '94704017188@c.us',
  body: '@68148313243687 meyala ekka',
  timestamp: 1768647002,
  hasMedia: false,
  fromMe: false,
  contact: { name: 'Buddhika Madusanka', number: '94779686662' },
  chat: {
    id: '120363397205317359@g.us',
    name: '🎓 BIT- UOM  - 2025 July Intake🎓',
    isGroup: true
  }
}
post request received
Event emitted: whatsapp.message {
  from: '120363423694237368@g.us',
  to: '94704017188@c.us',
  body: null,
  timestamp: 1768647012,
  hasMedia: true,
  fromMe: false,
  contact: { name: 'Mawa', number: '94718918830' },
  chat: {
    id: '120363423694237368@g.us',
    name: 'Learn & Earn in 90 Days – Free Webinar ( Year End )',
    isGroup: true
  }
}
post request received
Event emitted: whatsapp.message {
  from: '120363397205317359@g.us',
  to: '94704017188@c.us',
  body: 'Ow',
  timestamp: 1768647040,
  hasMedia: false,
  fromMe: false,
  contact: { name: 'Angelo Kannangara', number: '94741762872' },
  chat: {
    id: '120363397205317359@g.us',
    name: '🎓 BIT- UOM  - 2025 July Intake🎓',
    isGroup: true
  }
}
post request received
Event emitted: whatsapp.message {
  from: '120363397205317359@g.us',
  to: '94704017188@c.us',
  body: 'හෙට හම්බ වෙමු',
  timestamp: 1768647115,
  hasMedia: false,
  fromMe: false,
  contact: { name: '☸️❣️📝Rusira Indrachapa 📈🥇🏆🇱🇰', number: '94761531070' },
  chat: {
    id: '120363397205317359@g.us',
    name: '🎓 BIT- UOM  - 2025 July Intake🎓',
    isGroup: true
  }
}
post request received
Event emitted: whatsapp.message {
  from: '120363397205317359@g.us',
  to: '94704017188@c.us',
  body: null,
  timestamp: 1768647149,
  hasMedia: true,
  fromMe: false,
  contact: { name: 'Angelo Kannangara', number: '94741762872' },
  chat: {
    id: '120363397205317359@g.us',
    name: '🎓 BIT- UOM  - 2025 July Intake🎓',
    isGroup: true
  }
}
User 1 disconnected.
Disconnected socket without user info: xpll4e8bdbk9WqXjAAFx
A user connected: RefPWFF-omie4ThDAAFz
User 1 connected via socket RefPWFF-omie4ThDAAFz
A user connected: 58A4wkY2_OzDU8sgAAF1
User 1 reconnected before timeout, no logout triggered.
Disconnected socket without user info: 58A4wkY2_OzDU8sgAAF1
User 1 disconnected.
A user connected: s0MN6fhELFLacsSzAAF3
User 1 connected via socket s0MN6fhELFLacsSzAAF3
A user connected: JoqMZoTdKobal5Y0AAF5
User 1 reconnected before timeout, no logout triggered.
User 1 disconnected.
Disconnected socket without user info: JoqMZoTdKobal5Y0AAF5
A user connected: aMjJBLgncL7MNfvDAAF7
User 1 connected via socket aMjJBLgncL7MNfvDAAF7
A user connected: p6kJxneTnSLfs-2TAAF9
User 1 reconnected before timeout, no logout triggered.
post request received
Event emitted: whatsapp.message {
  from: '94704017188@c.us',
  to: '94704017188@c.us',
  body: 'Test message 01',
  timestamp: 1768648026,
  hasMedia: false,
  fromMe: true,
  contact: { name: 'My', number: '94704017188' },
  chat: { id: '94704017188@c.us', name: 'My', isGroup: false }
}
post request received
Event emitted: whatsapp.message {
  from: 'status@broadcast',
  to: '94704017188@c.us',
  body: '😁',
  timestamp: 1768648484,
  hasMedia: true,
  fromMe: false,
  contact: {
    name: 'Yasiru Sandaruwan Aiya HNDIT Senior',
    number: '94769262641'
  },
  chat: { id: 'status@broadcast', name: null, isGroup: true }
}
post request received
Event emitted: whatsapp.message {
  from: 'status@broadcast',
  to: '94704017188@c.us',
  body: null,
  timestamp: 1768648484,
  hasMedia: false,
  fromMe: false,
  contact: {
    name: 'Yasiru Sandaruwan Aiya HNDIT Senior',
    number: '94769262641'
  },
  chat: { id: 'status@broadcast', name: null, isGroup: true }
}
post request received
Event emitted: whatsapp.message {
  from: 'status@broadcast',
  to: '94704017188@c.us',
  body: '😁',
  timestamp: 1768648509,
  hasMedia: true,
  fromMe: false,
  contact: {
    name: 'Yasiru Sandaruwan Aiya HNDIT Senior',
    number: '94769262641'
  },
  chat: { id: 'status@broadcast', name: null, isGroup: true }
}
post request received
Event emitted: whatsapp.message {
  from: '94772615908@c.us',
  to: '94704017188@c.us',
  body: 'nipunacfernando@gmail.com',
  timestamp: 1768648658,
  hasMedia: false,
  fromMe: false,
  contact: { name: 'Achintha Sir ausoworld', number: '94772615908' },
  chat: {
    id: '94772615908@c.us',
    name: 'Achintha Sir ausoworld',
    isGroup: false
  }
}
post request received
Event emitted: whatsapp.message {
  from: 'status@broadcast',
  to: '94704017188@c.us',
  body: '😁',
  timestamp: 1768648695,
  hasMedia: true,
  fromMe: false,
  contact: {
    name: 'Yasiru Sandaruwan Aiya HNDIT Senior',
    number: '94769262641'
  },
  chat: { id: 'status@broadcast', name: null, isGroup: true }
}
post request received
Event emitted: whatsapp.message {
  from: 'status@broadcast',
  to: '94704017188@c.us',
  body: '😁',
  timestamp: 1768648783,
  hasMedia: true,
  fromMe: false,
  contact: {
    name: 'Yasiru Sandaruwan Aiya HNDIT Senior',
    number: '94769262641'
  },
  chat: { id: 'status@broadcast', name: null, isGroup: true }
}
User 1 disconnected.
Disconnected socket without user info: p6kJxneTnSLfs-2TAAF9
A user connected: b7ASwJwVwJIUQM6ZAAF_
User 1 connected via socket b7ASwJwVwJIUQM6ZAAF_
A user connected: Fx_cD1dBXyVQ15d4AAGB
User 1 reconnected before timeout, no logout triggered.
post request received
Event emitted: whatsapp.message {
  from: '120363397205317359@g.us',
  to: '94704017188@c.us',
  body: '@36460463935714 ubata mwa set unada',
  timestamp: 1768649960,
  hasMedia: false,
  fromMe: false,
  contact: { name: 'Pravinda', number: '94775717025' },
  chat: {
    id: '120363397205317359@g.us',
    name: '🎓 BIT- UOM  - 2025 July Intake🎓',
    isGroup: true
  }
}
post request received
Event emitted: whatsapp.message {
  from: '120363397205317359@g.us',
  to: '94704017188@c.us',
  body: null,
  timestamp: 1768649961,
  hasMedia: true,
  fromMe: false,
  contact: { name: 'Pravinda', number: '94775717025' },
  chat: {
    id: '120363397205317359@g.us',
    name: '🎓 BIT- UOM  - 2025 July Intake🎓',
    isGroup: true
  }
}
post request received
Event emitted: whatsapp.message {
  from: '120363397205317359@g.us',
  to: '94704017188@c.us',
  body: 'Angelo ekka iddi uba htiiyda',
  timestamp: 1768649968,
  hasMedia: false,
  fromMe: false,
  contact: { name: 'Pravinda', number: '94775717025' },
  chat: {
    id: '120363397205317359@g.us',
    name: '🎓 BIT- UOM  - 2025 July Intake🎓',
    isGroup: true
  }
}
User 1 disconnected.
Disconnected socket without user info: Fx_cD1dBXyVQ15d4AAGB
A user connected: WgahxY2iMHh8GwbJAAGD
User 1 connected via socket WgahxY2iMHh8GwbJAAGD
A user connected: 32P5M2NPFVcnqGbvAAGF
User 1 reconnected before timeout, no logout triggered.
post request received
Event emitted: whatsapp.message {
  from: '120363397205317359@g.us',
  to: '94704017188@c.us',
  body: 'Na na 🥲',
  timestamp: 1768650031,
  hasMedia: false,
  fromMe: false,
  contact: { name: 'Angelo Kannangara', number: '94741762872' },
  chat: {
    id: '120363397205317359@g.us',
    name: '🎓 BIT- UOM  - 2025 July Intake🎓',
    isGroup: true
  }
}
post request received
Event emitted: whatsapp.message {
  from: '120363397205317359@g.us',
  to: '94704017188@c.us',
  body: 'Kttiyawa wena wenama hambune thn thn wala',
  timestamp: 1768650034,
  hasMedia: false,
  fromMe: false,
  contact: { name: 'Angelo Kannangara', number: '94741762872' },
  chat: {
    id: '120363397205317359@g.us',
    name: '🎓 BIT- UOM  - 2025 July Intake🎓',
    isGroup: true
  }
}
post request received
Event emitted: whatsapp.message {
  from: '120363397205317359@g.us',
  to: '94704017188@c.us',
  body: null,
  timestamp: 1768650035,
  hasMedia: true,
  fromMe: false,
  contact: { name: 'Angelo Kannangara', number: '94741762872' },
  chat: {
    id: '120363397205317359@g.us',
    name: '🎓 BIT- UOM  - 2025 July Intake🎓',
    isGroup: true
  }
}
User 1 disconnected.
Disconnected socket without user info: 32P5M2NPFVcnqGbvAAGF
A user connected: PiuYb1K7y_prTCfaAAGH
User 1 connected via socket PiuYb1K7y_prTCfaAAGH
A user connected: ZlBkGVeinv4AkYmeAAGJ
User 1 reconnected before timeout, no logout triggered.
User 1 disconnected.
Disconnected socket without user info: ZlBkGVeinv4AkYmeAAGJ
A user connected: E7zOKfXoBzRx6qmMAAGL
User 1 connected via socket E7zOKfXoBzRx6qmMAAGL
A user connected: g3XaLNw35J07Xoa_AAGN
User 1 reconnected before timeout, no logout triggered.
Disconnected socket without user info: g3XaLNw35J07Xoa_AAGN
User 1 disconnected.
A user connected: xtyhXFV2AkAPGq_aAAGP
User 1 connected via socket xtyhXFV2AkAPGq_aAAGP
A user connected: 0phHDNtnNJtlkg-EAAGR
User 1 reconnected before timeout, no logout triggered.
User 1 disconnected.
Disconnected socket without user info: 0phHDNtnNJtlkg-EAAGR
A user connected: VcVDawekMSzU2sXiAAGT
User 1 connected via socket VcVDawekMSzU2sXiAAGT
A user connected: nl4bCew309_nGB2zAAGV
User 1 reconnected before timeout, no logout triggered.
post request received
Event emitted: whatsapp.message {
  from: '120363397205317359@g.us',
  to: '94704017188@c.us',
  body: 'nane',
  timestamp: 1768650186,
  hasMedia: false,
  fromMe: false,
  contact: { name: 'Buddhika Madusanka', number: '94779686662' },
  chat: {
    id: '120363397205317359@g.us',
    name: '🎓 BIT- UOM  - 2025 July Intake🎓',
    isGroup: true
  }
}
post request received
Event emitted: whatsapp.message {
  from: '120363397205317359@g.us',
  to: '94704017188@c.us',
  body: 'oyawa set une na',
  timestamp: 1768650190,
  hasMedia: false,
  fromMe: false,
  contact: { name: 'Buddhika Madusanka', number: '94779686662' },
  chat: {
    id: '120363397205317359@g.us',
    name: '🎓 BIT- UOM  - 2025 July Intake🎓',
    isGroup: true
  }
}
post request received
Event emitted: whatsapp.message {
  from: '120363397205317359@g.us',
  to: '94704017188@c.us',
  body: 'oyawath miss una',
  timestamp: 1768650236,
  hasMedia: false,
  fromMe: false,
  contact: { name: 'Buddhika Madusanka', number: '94779686662' },
  chat: {
    id: '120363397205317359@g.us',
    name: '🎓 BIT- UOM  - 2025 July Intake🎓',
    isGroup: true
  }
}
User 1 disconnected.
Disconnected socket without user info: nl4bCew309_nGB2zAAGV
A user connected: cTtQ1dJcrpmR6sl6AAGX
User 1 connected via socket cTtQ1dJcrpmR6sl6AAGX
A user connected: 1-R33K5-U1kXm5u7AAGZ
User 1 reconnected before timeout, no logout triggered.
